2026-10-05 19:09:46,156 - INFO - Panel: 18251 rows (458 project-component series) -> 4185 after dropping NA lag/control rows
2026-10-05 19:10:02,803 - INFO - Running 2000-permutation null for H1 (this is slow with 209 series)...
2026-10-05 21:11:57,166 - INFO - Running blocked-time CV MAE for M0/M1/M2...
/home/smorgan/repos/design-detection-and-defect-improvement/.venv/lib/python3.12/site-packages/statsmodels/discrete/discrete_model.py:3709: RuntimeWarning: divide by zero encountered in log
  llf = coeff + size * np.log(prob) + endog * np.log(1 - prob)
/home/smorgan/repos/design-detection-and-defect-improvement/.venv/lib/python3.12/site-packages/statsmodels/discrete/discrete_model.py:3709: RuntimeWarning: divide by zero encountered in log
  llf = coeff + size * np.log(prob) + endog * np.log(1 - prob)
/home/smorgan/repos/design-detection-and-defect-improvement/.venv/lib/python3.12/site-packages/statsmodels/discrete/discrete_model.py:3709: RuntimeWarning: divide by zero encountered in log
  llf = coeff + size * np.log(prob) + endog * np.log(1 - prob)
/home/smorgan/repos/design-detection-and-defect-improvement/.venv/lib/python3.12/site-packages/statsmodels/discrete/discrete_model.py:3709: RuntimeWarning: divide by zero encountered in log
  llf = coeff + size * np.log(prob) + endog * np.log(1 - prob)
/home/smorgan/repos/design-detection-and-defect-improvement/.venv/lib/python3.12/site-packages/statsmodels/discrete/discrete_model.py:3709: RuntimeWarning: divide by zero encountered in log
  llf = coeff + size * np.log(prob) + endog * np.log(1 - prob)
/home/smorgan/repos/design-detection-and-defect-improvement/.venv/lib/python3.12/site-packages/statsmodels/discrete/discrete_model.py:3709: RuntimeWarning: divide by zero encountered in log
  llf = coeff + size * np.log(prob) + endog * np.log(1 - prob)
/home/smorgan/repos/design-detection-and-defect-improvement/.venv/lib/python3.12/site-packages/statsmodels/discrete/discrete_model.py:3709: RuntimeWarning: divide by zero encountered in log
  llf = coeff + size * np.log(prob) + endog * np.log(1 - prob)
/home/smorgan/repos/design-detection-and-defect-improvement/.venv/lib/python3.12/site-packages/statsmodels/discrete/discrete_model.py:3709: RuntimeWarning: divide by zero encountered in log
  llf = coeff + size * np.log(prob) + endog * np.log(1 - prob)
/home/smorgan/repos/design-detection-and-defect-improvement/.venv/lib/python3.12/site-packages/statsmodels/discrete/discrete_model.py:268: HessianInversionWarning: Inverting hessian failed, no bse or cov_params available
  mlefit = super().fit(
/home/smorgan/repos/design-detection-and-defect-improvement/.venv/lib/python3.12/site-packages/statsmodels/discrete/discrete_model.py:3709: RuntimeWarning: divide by zero encountered in log
  llf = coeff + size * np.log(prob) + endog * np.log(1 - prob)
/home/smorgan/repos/design-detection-and-defect-improvement/.venv/lib/python3.12/site-packages/statsmodels/discrete/discrete_model.py:3709: RuntimeWarning: divide by zero encountered in log
  llf = coeff + size * np.log(prob) + endog * np.log(1 - prob)
/home/smorgan/repos/design-detection-and-defect-improvement/.venv/lib/python3.12/site-packages/statsmodels/discrete/discrete_model.py:3709: RuntimeWarning: divide by zero encountered in log
  llf = coeff + size * np.log(prob) + endog * np.log(1 - prob)
/home/smorgan/repos/design-detection-and-defect-improvement/.venv/lib/python3.12/site-packages/statsmodels/discrete/discrete_model.py:3709: RuntimeWarning: divide by zero encountered in log
  llf = coeff + size * np.log(prob) + endog * np.log(1 - prob)
/home/smorgan/repos/design-detection-and-defect-improvement/.venv/lib/python3.12/site-packages/statsmodels/discrete/discrete_model.py:268: HessianInversionWarning: Inverting hessian failed, no bse or cov_params available
  mlefit = super().fit(
/home/smorgan/repos/design-detection-and-defect-improvement/.venv/lib/python3.12/site-packages/statsmodels/discrete/discrete_model.py:3709: RuntimeWarning: divide by zero encountered in log
  llf = coeff + size * np.log(prob) + endog * np.log(1 - prob)
/home/smorgan/repos/design-detection-and-defect-improvement/.venv/lib/python3.12/site-packages/statsmodels/discrete/discrete_model.py:268: HessianInversionWarning: Inverting hessian failed, no bse or cov_params available
  mlefit = super().fit(
/home/smorgan/repos/design-detection-and-defect-improvement/.venv/lib/python3.12/site-packages/statsmodels/genmod/generalized_linear_model.py:1488: SpecificationWarning: cov_type not fully supported with var_weights
  glm_results = GLMResults(

H1 (M0 vs M1) LR stat=22.362, df=4, p=0.0002
H2 (M1 vs M2) LR stat=3.146, df=2, p=0.2074

M1 design_ratio_lag coefficients:
design_ratio_lag1   -0.296471
design_ratio_lag2   -0.225898
design_ratio_lag3    0.010299
design_ratio_lag4    0.129667
dtype: float64
M0 alpha=0.6698  M1 alpha=0.6660  M2 alpha=0.6652
H1 permutation null (2000 reps): observed LR stat=22.362, permutation p=0.0070 (2000/2000 permuted refits succeeded)
M0: MAE=25.638  folds_used=17  folds_dropped_nonconverged=0  folds_skipped_thin_training=11
M1: MAE=25.434  folds_used=17  folds_dropped_nonconverged=0  folds_skipped_thin_training=11
M2: MAE=24.086  folds_used=17  folds_dropped_nonconverged=0  folds_skipped_thin_training=11

=== H3 (reverse: bug_count -> design_ratio), project_component FE ===
                 Generalized Linear Model Regression Results                  
==============================================================================
Dep. Variable:       design_ratio_raw   No. Observations:                11305
Model:                            GLM   Df Residuals:                    10842
Model Family:                Binomial   Df Model:                          462
Link Function:                  Logit   Scale:                          1.0000
Method:                          IRLS   Log-Likelihood:                -63307.
Date:                Mon, 05 Oct 2026   Deviance:                       21654.
Time:                        21:12:49   Pearson chi2:                 2.05e+04
No. Iterations:                    25   Pseudo R-squ. (CS):             0.8368
Covariance Type:              cluster                                         
========================================================================================================================================================================
                                                                                                           coef    std err          z      P>|z|      [0.025      0.975]
------------------------------------------------------------------------------------------------------------------------------------------------------------------------
Intercept                                                                                               -2.8948      0.068    -42.704      0.000      -3.028      -2.762
C(project_component)[T.CONFSERVER::Apps - Team Calendar]                                                 0.8637      0.026     32.675      0.000       0.812       0.916
C(project_component)[T.CONFSERVER::Content - Attachments]                                                0.1193      0.114      1.047      0.295      -0.104       0.343
C(project_component)[T.CONFSERVER::Content - Blogs]                                                    -23.9047      1.020    -23.434      0.000     -25.904     -21.905
C(project_component)[T.CONFSERVER::Content - Blueprints / Templates]                                     0.8725      0.123      7.067      0.000       0.630       1.114
C(project_component)[T.CONFSERVER::Content - Edit Files / Companion]                                     0.7262      0.138      5.265      0.000       0.456       0.997
C(project_component)[T.CONFSERVER::Content - File Previews]                                            -23.9393      1.070    -22.383      0.000     -26.036     -21.843
C(project_component)[T.CONFSERVER::Content - History]                                                    0.8157      0.119      6.850      0.000       0.582       1.049
C(project_component)[T.CONFSERVER::Content - Inline Comments]                                            0.4556      0.038     11.868      0.000       0.380       0.531
C(project_component)[T.CONFSERVER::Content - Labels]                                                     0.7382      0.105      7.012      0.000       0.532       0.945
C(project_component)[T.CONFSERVER::Content - Linking]                                                    0.7621      0.114      6.706      0.000       0.539       0.985
C(project_component)[T.CONFSERVER::Content - Page]                                                      -0.2148      0.082     -2.630      0.009      -0.375      -0.055
C(project_component)[T.CONFSERVER::Content - Restrictions]                                               0.6876      0.102      6.727      0.000       0.487       0.888
C(project_component)[T.CONFSERVER::Content - Sharing]                                                    0.4089      0.048      8.519      0.000       0.315       0.503
C(project_component)[T.CONFSERVER::Core - Content REST APIs]                                             1.9349      0.062     31.133      0.000       1.813       2.057
C(project_component)[T.CONFSERVER::Core - Email]                                                         0.6003      0.090      6.651      0.000       0.423       0.777
C(project_component)[T.CONFSERVER::Core - Macros Platform]                                               0.9071      0.054     16.782      0.000       0.801       1.013
C(project_component)[T.CONFSERVER::Core - OSGi Plugins Platform]                                         1.4686      0.052     28.197      0.000       1.367       1.571
C(project_component)[T.CONFSERVER::Core - Workbox]                                                       0.9985      0.039     25.884      0.000       0.923       1.074
C(project_component)[T.CONFSERVER::Data Center - Core]                                                   0.3144      0.067      4.707      0.000       0.183       0.445
C(project_component)[T.CONFSERVER::Data Center - Deployments]                                            1.5817      0.040     39.781      0.000       1.504       1.660
C(project_component)[T.CONFSERVER::Documentation - All]                                                  0.8220      0.069     11.911      0.000       0.687       0.957
C(project_component)[T.CONFSERVER::Editor - Attachment]                                                  0.2593      0.111      2.327      0.020       0.041       0.478
C(project_component)[T.CONFSERVER::Editor - Collaborative editing]                                       0.6278      0.040     15.523      0.000       0.549       0.707
C(project_component)[T.CONFSERVER::Editor - Core]                                                       -0.0028      0.050     -0.057      0.955      -0.100       0.094
C(project_component)[T.CONFSERVER::Editor - Drafts]                                                    -24.1294      1.060    -22.765      0.000     -26.207     -22.052
C(project_component)[T.CONFSERVER::Editor - Front end - Page / Comment]                                -24.0971      1.058    -22.768      0.000     -26.172     -22.023
C(project_component)[T.CONFSERVER::Editor - Page / Comment Editor]                                      -0.2470      0.108     -2.294      0.022      -0.458      -0.036
C(project_component)[T.CONFSERVER::Editor - Synchrony]                                                   0.8999      0.044     20.224      0.000       0.813       0.987
C(project_component)[T.CONFSERVER::Integrations - JIRA]                                                  0.2975      0.085      3.494      0.000       0.131       0.464
C(project_component)[T.CONFSERVER::Integrations - Office Connector]                                      1.2474      0.068     18.299      0.000       1.114       1.381
C(project_component)[T.CONFSERVER::Macros - Attachments]                                                -0.2786      0.046     -6.058      0.000      -0.369      -0.188
C(project_component)[T.CONFSERVER::Macros - Gadgets]                                                     0.5827      0.038     15.272      0.000       0.508       0.657
C(project_component)[T.CONFSERVER::Macros - JIRA Macros]                                                -1.1459      0.044    -25.864      0.000      -1.233      -1.059
C(project_component)[T.CONFSERVER::Macros - Multimedia]                                                -24.0116      1.053    -22.793      0.000     -26.076     -21.947
C(project_component)[T.CONFSERVER::Macros - Other Macros]                                                0.0184      0.056      0.331      0.741      -0.090       0.127
C(project_component)[T.CONFSERVER::Macros - Page Properties]                                            -0.9084      0.038    -24.199      0.000      -0.982      -0.835
C(project_component)[T.CONFSERVER::Macros - Search]                                                      1.0486      0.039     27.226      0.000       0.973       1.124
C(project_component)[T.CONFSERVER::Macros - Table of Contents]                                         -23.9767      1.052    -22.788      0.000     -26.039     -21.915
C(project_component)[T.CONFSERVER::Mobile]                                                               1.1869      0.054     22.129      0.000       1.082       1.292
C(project_component)[T.CONFSERVER::Navigation - Dashboard]                                               0.1149      0.085      1.344      0.179      -0.053       0.282
C(project_component)[T.CONFSERVER::Navigation - Sidebar]                                               -24.1383      1.060    -22.776      0.000     -26.215     -22.061
C(project_component)[T.CONFSERVER::Page - Export / Import]                                               0.0326      0.064      0.510      0.610      -0.093       0.158
C(project_component)[T.CONFSERVER::Platform - Application Links]                                         0.6223      0.045     13.826      0.000       0.534       0.711
C(project_component)[T.CONFSERVER::Search - Core]                                                        0.3775      0.067      5.638      0.000       0.246       0.509
C(project_component)[T.CONFSERVER::Search - Indexing]                                                   -0.4799      0.045    -10.653      0.000      -0.568      -0.392
C(project_component)[T.CONFSERVER::Server - Administration]                                              0.6120      0.089      6.896      0.000       0.438       0.786
C(project_component)[T.CONFSERVER::Server - Authentication]                                              0.5842      0.057     10.295      0.000       0.473       0.695
C(project_component)[T.CONFSERVER::Server - EAP]                                                         0.2032      0.046      4.386      0.000       0.112       0.294
C(project_component)[T.CONFSERVER::Server - Installer / Setup]                                           0.3476      0.083      4.177      0.000       0.184       0.511
C(project_component)[T.CONFSERVER::Server - Mail Archiving]                                              1.5747      0.048     32.508      0.000       1.480       1.670
C(project_component)[T.CONFSERVER::Server - Performance]                                               -24.3522      1.073    -22.696      0.000     -26.455     -22.249
C(project_component)[T.CONFSERVER::Server - Platform]                                                    0.7459      0.120      6.217      0.000       0.511       0.981
C(project_component)[T.CONFSERVER::Server - Plugin  Development]                                         0.8372      0.055     15.244      0.000       0.730       0.945
C(project_component)[T.CONFSERVER::Server - Source Distribution]                                         0.2851      0.054      5.267      0.000       0.179       0.391
C(project_component)[T.CONFSERVER::Server - Upgrade Manager]                                             0.5054      0.068      7.469      0.000       0.373       0.638
C(project_component)[T.CONFSERVER::Site - Backup / Import]                                              -0.2970      0.089     -3.352      0.001      -0.471      -0.123
C(project_component)[T.CONFSERVER::Space - Export / Import]                                             -0.0945      0.098     -0.969      0.333      -0.286       0.097
C(project_component)[T.CONFSERVER::Space - Personal Space]                                              -0.0307      0.083     -0.372      0.710      -0.192       0.131
C(project_component)[T.CONFSERVER::System Administration - Troubleshooting and Support Tools (ATST)]     1.1895      0.045     26.657      0.000       1.102       1.277
C(project_component)[T.CONFSERVER::Themes / Theming]                                                    -0.5041      0.056     -9.073      0.000      -0.613      -0.395
C(project_component)[T.CONFSERVER::Translations]                                                        -0.3359      0.039     -8.660      0.000      -0.412      -0.260
C(project_component)[T.CONFSERVER::Unclassified]                                                         1.2956      0.173      7.484      0.000       0.956       1.635
C(project_component)[T.CONFSERVER::Universal Plugin Manager / Manage apps]                               0.4434      0.040     11.170      0.000       0.366       0.521
C(project_component)[T.CONFSERVER::User - Global / Space Permissions]                                    1.1784      0.096     12.313      0.000       0.991       1.366
C(project_component)[T.CONFSERVER::User - Management]                                                    0.5136      0.119      4.333      0.000       0.281       0.746
C(project_component)[T.CONFSERVER::User - Mentions]                                                     -0.6483      0.092     -7.030      0.000      -0.829      -0.468
C(project_component)[T.CONFSERVER::User - Profile]                                                       0.3220      0.060      5.323      0.000       0.203       0.441
C(project_component)[T.CONFSERVER::Web Interface - AUI]                                                 -0.0503      0.078     -0.644      0.520      -0.203       0.103
C(project_component)[T.CONFSERVER::Web Interface - Keyboard Navigation]                                 -0.7440      0.039    -19.098      0.000      -0.820      -0.668
C(project_component)[T.DM::Continuous Integration]                                                       1.4647      0.035     41.502      0.000       1.395       1.534
C(project_component)[T.DM::Developer Infrastructure]                                                     2.3907      0.037     65.100      0.000       2.319       2.463
C(project_component)[T.DM::Firefly]                                                                      1.8922      0.037     51.283      0.000       1.820       1.965
C(project_component)[T.DM::IRSA]                                                                         3.8319      0.043     89.520      0.000       3.748       3.916
C(project_component)[T.DM::Qserv]                                                                        2.6157      0.032     81.893      0.000       2.553       2.678
C(project_component)[T.DM::SUIT]                                                                         2.5532      0.041     62.227      0.000       2.473       2.634
C(project_component)[T.DM::Stack Documentation and UX]                                                   2.9361      0.038     77.313      0.000       2.862       3.011
C(project_component)[T.DM::Unclassified]                                                                 2.5354      0.026     98.471      0.000       2.485       2.586
C(project_component)[T.DM::afw]                                                                          1.9306      0.034     56.328      0.000       1.863       1.998
C(project_component)[T.DM::ap_verify]                                                                    2.3205      0.046     50.456      0.000       2.230       2.411
C(project_component)[T.DM::astshim]                                                                      1.7234      0.052     33.254      0.000       1.622       1.825
C(project_component)[T.DM::ctrl_iip]                                                                     1.8043      0.052     34.530      0.000       1.702       1.907
C(project_component)[T.DM::daf_butler]                                                                   3.0765      0.037     82.229      0.000       3.003       3.150
C(project_component)[T.DM::daf_persistence]                                                              1.8746      0.038     48.729      0.000       1.799       1.950
C(project_component)[T.DM::ip_diffim]                                                                    2.0396      0.039     52.829      0.000       1.964       2.115
C(project_component)[T.DM::ip_isr]                                                                       1.2520      0.038     32.892      0.000       1.177       1.327
C(project_component)[T.DM::jointcal]                                                                     1.9122      0.043     44.621      0.000       1.828       1.996
C(project_component)[T.DM::lsstsw]                                                                       1.2987      0.042     30.887      0.000       1.216       1.381
C(project_component)[T.DM::meas_algorithms]                                                              1.5995      0.038     41.608      0.000       1.524       1.675
C(project_component)[T.DM::meas_astrom]                                                                  1.6840      0.042     40.328      0.000       1.602       1.766
C(project_component)[T.DM::meas_base]                                                                    2.1667      0.042     51.955      0.000       2.085       2.248
C(project_component)[T.DM::obs_base]                                                                     2.1421      0.038     56.113      0.000       2.067       2.217
C(project_component)[T.DM::obs_decam]                                                                    1.7923      0.039     45.751      0.000       1.716       1.869
C(project_component)[T.DM::obs_lsst]                                                                     1.4680      0.049     29.834      0.000       1.372       1.564
C(project_component)[T.DM::obs_subaru]                                                                   1.5139      0.039     39.222      0.000       1.438       1.590
C(project_component)[T.DM::pex_config]                                                                   1.5008      0.039     38.182      0.000       1.424       1.578
C(project_component)[T.DM::pipe_base]                                                                    2.1591      0.039     55.992      0.000       2.084       2.235
C(project_component)[T.DM::pipe_drivers]                                                                 0.9025      0.045     19.862      0.000       0.813       0.992
C(project_component)[T.DM::pipe_tasks]                                                                   1.6632      0.036     45.606      0.000       1.592       1.735
C(project_component)[T.DM::sconsUtils]                                                                   1.6814      0.041     40.868      0.000       1.601       1.762
C(project_component)[T.DM::stack release]                                                                0.9259      0.043     21.523      0.000       0.842       1.010
C(project_component)[T.DM::ts_auxiliary_telescope]                                                       2.4952      0.050     50.396      0.000       2.398       2.592
C(project_component)[T.DM::ts_main_telescope]                                                            2.3401      0.048     48.259      0.000       2.245       2.435
C(project_component)[T.DM::ts_middleware]                                                                2.1378      0.034     61.994      0.000       2.070       2.205
C(project_component)[T.DM::validate_drp]                                                                 0.8038      0.046     17.549      0.000       0.714       0.894
C(project_component)[T.DNN::Admin - Event Viewer]                                                        0.4578      0.041     11.253      0.000       0.378       0.538
C(project_component)[T.DNN::Admin - Extensions]                                                          0.0322      0.040      0.812      0.417      -0.045       0.110
C(project_component)[T.DNN::Admin - File Manager]                                                       -0.0402      0.038     -1.071      0.284      -0.114       0.033
C(project_component)[T.DNN::Admin - Languages]                                                          -0.9675      0.037    -26.440      0.000      -1.039      -0.896
C(project_component)[T.DNN::Admin - Newsletters]                                                        -0.3379      0.043     -7.922      0.000      -0.422      -0.254
C(project_component)[T.DNN::Admin - Pages]                                                              -0.5833      0.033    -17.727      0.000      -0.648      -0.519
C(project_component)[T.DNN::Admin - Recycle Bin]                                                        -0.7600      0.039    -19.616      0.000      -0.836      -0.684
C(project_component)[T.DNN::Admin - Search Engine SiteMap]                                               0.2779      0.040      7.020      0.000       0.200       0.355
C(project_component)[T.DNN::Admin - Security Roles]                                                     -0.6492      0.040    -16.108      0.000      -0.728      -0.570
C(project_component)[T.DNN::Admin - Site Settings]                                                      -0.7946      0.035    -22.845      0.000      -0.863      -0.726
C(project_component)[T.DNN::Admin - Skins]                                                              -0.2305      0.039     -5.935      0.000      -0.307      -0.154
C(project_component)[T.DNN::Admin - Taxonomy]                                                            0.4030      0.042      9.664      0.000       0.321       0.485
C(project_component)[T.DNN::Admin - User Accounts]                                                      -0.6028      0.032    -18.582      0.000      -0.666      -0.539
C(project_component)[T.DNN::Admin / Host Functions]                                                     -0.2452      0.043     -5.676      0.000      -0.330      -0.161
C(project_component)[T.DNN::CKEditor]                                                                  -23.7483      1.079    -22.012      0.000     -25.863     -21.634
C(project_component)[T.DNN::Client Resources]                                                            1.0336      0.041     25.377      0.000       0.954       1.113
C(project_component)[T.DNN::Control Panel]                                                               0.0315      0.045      0.693      0.488      -0.058       0.120
C(project_component)[T.DNN::Control Panel - Ribbon Bar]                                                 -0.7584      0.045    -16.795      0.000      -0.847      -0.670
C(project_component)[T.DNN::Core API]                                                                    1.6099      0.038     42.281      0.000       1.535       1.684
C(project_component)[T.DNN::Core Modules]                                                                0.1362      0.042      3.263      0.001       0.054       0.218
C(project_component)[T.DNN::DDR Menu]                                                                    0.2860      0.041      7.016      0.000       0.206       0.366
C(project_component)[T.DNN::Data Access (DAL)]                                                           0.2817      0.038      7.396      0.000       0.207       0.356
C(project_component)[T.DNN::Dynamic Content Creator]                                                     2.8578      0.065     44.186      0.000       2.731       2.985
C(project_component)[T.DNN::End User Functions]                                                          0.5297      0.042     12.592      0.000       0.447       0.612
C(project_component)[T.DNN::File Manager]                                                               -0.2850      0.043     -6.706      0.000      -0.368      -0.202
C(project_component)[T.DNN::Friendly / Standard URLs]                                                   -0.7025      0.039    -17.893      0.000      -0.779      -0.626
C(project_component)[T.DNN::General]                                                                    -1.2515      0.037    -34.263      0.000      -1.323      -1.180
C(project_component)[T.DNN::HTML Editor]                                                                -0.7677      0.038    -20.260      0.000      -0.842      -0.693
C(project_component)[T.DNN::HTML Module - Core]                                                          0.3720      0.040      9.362      0.000       0.294       0.450
C(project_component)[T.DNN::Host - Extensions]                                                          -0.2563      0.039     -6.596      0.000      -0.332      -0.180
C(project_component)[T.DNN::Host - File Manager]                                                        -0.5416      0.042    -12.793      0.000      -0.625      -0.459
C(project_component)[T.DNN::Host - Host Settings]                                                      -23.8280      1.078    -22.108      0.000     -25.940     -21.716
C(project_component)[T.DNN::Host - Lists]                                                                0.2290      0.040      5.696      0.000       0.150       0.308
C(project_component)[T.DNN::Host - SQL]                                                                 -0.3314      0.042     -7.848      0.000      -0.414      -0.249
C(project_component)[T.DNN::Host - Schedule]                                                            -0.2164      0.039     -5.609      0.000      -0.292      -0.141
C(project_component)[T.DNN::Host - Site Management]                                                     -1.7194      0.037    -45.863      0.000      -1.793      -1.646
C(project_component)[T.DNN::Host - SuperUser Accounts]                                                 -23.7978      1.078    -22.069      0.000     -25.911     -21.684
C(project_component)[T.DNN::ImageHandler]                                                                0.4065      0.045      9.093      0.000       0.319       0.494
C(project_component)[T.DNN::Import / Export]                                                             0.4432      0.051      8.671      0.000       0.343       0.543
C(project_component)[T.DNN::Installation]                                                               -2.4398      0.038    -63.568      0.000      -2.515      -2.365
C(project_component)[T.DNN::Installation / Upgrade]                                                     -0.5968      0.039    -15.268      0.000      -0.673      -0.520
C(project_component)[T.DNN::Journal]                                                                    -0.2883      0.040     -7.170      0.000      -0.367      -0.210
C(project_component)[T.DNN::Localization - Content]                                                     -1.0910      0.036    -29.921      0.000      -1.162      -1.020
C(project_component)[T.DNN::Localization - Language Packs]                                              -0.6076      0.037    -16.591      0.000      -0.679      -0.536
C(project_component)[T.DNN::Localization - Static]                                                      -0.6664      0.041    -16.163      0.000      -0.747      -0.586
C(project_component)[T.DNN::Localization / ML]                                                           0.1600      0.042      3.818      0.000       0.078       0.242
C(project_component)[T.DNN::Login/Registration]                                                         -0.4233      0.036    -11.890      0.000      -0.493      -0.353
C(project_component)[T.DNN::Login/Registration - Password Reset]                                       -23.8115      1.078    -22.090      0.000     -25.924     -21.699
C(project_component)[T.DNN::MVC]                                                                         0.9137      0.051     17.995      0.000       0.814       1.013
C(project_component)[T.DNN::Member Directory]                                                          -23.8237      1.078    -22.102      0.000     -25.936     -21.711
C(project_component)[T.DNN::Messaging]                                                                   0.1026      0.038      2.668      0.008       0.027       0.178
C(project_component)[T.DNN::Mobile]                                                                     -0.1217      0.045     -2.713      0.007      -0.210      -0.034
C(project_component)[T.DNN::Modules - Core]                                                              0.4900      0.040     12.313      0.000       0.412       0.568
C(project_component)[T.DNN::Modules - Third party]                                                       0.5381      0.039     13.867      0.000       0.462       0.614
C(project_component)[T.DNN::Notifications]                                                               0.8547      0.042     20.425      0.000       0.773       0.937
C(project_component)[T.DNN::Pages]                                                                      -0.9093      0.046    -19.891      0.000      -0.999      -0.820
C(project_component)[T.DNN::Performance]                                                                 0.4598      0.041     11.283      0.000       0.380       0.540
C(project_component)[T.DNN::PersonaBar]                                                                 -0.1928      0.042     -4.556      0.000      -0.276      -0.110
C(project_component)[T.DNN::Providers]                                                                   1.1564      0.042     27.429      0.000       1.074       1.239
C(project_component)[T.DNN::Release Packaging]                                                         -23.8052      1.078    -22.081      0.000     -25.918     -21.692
C(project_component)[T.DNN::SSL]                                                                       -23.8211      1.078    -22.097      0.000     -25.934     -21.708
C(project_component)[T.DNN::Search]                                                                      0.4183      0.036     11.467      0.000       0.347       0.490
C(project_component)[T.DNN::Security & Permissions]                                                      0.6122      0.038     16.080      0.000       0.538       0.687
C(project_component)[T.DNN::Services Framework]                                                          1.4535      0.042     34.784      0.000       1.372       1.535
C(project_component)[T.DNN::Skinning]                                                                    0.2900      0.042      6.879      0.000       0.207       0.373
C(project_component)[T.DNN::Skins - DotNetNuke]                                                          0.2526      0.041      6.095      0.000       0.171       0.334
C(project_component)[T.DNN::Skins - Third party]                                                       -23.8203      1.078    -22.095      0.000     -25.933     -21.707
C(project_component)[T.DNN::Social Groups]                                                               0.0891      0.040      2.210      0.027       0.010       0.168
C(project_component)[T.DNN::Telerik]                                                                     0.7649      0.043     17.657      0.000       0.680       0.850
C(project_component)[T.DNN::Templates]                                                                   0.6899      0.040     17.227      0.000       0.611       0.768
C(project_component)[T.DNN::UI / Usability]                                                             -0.4322      0.035    -12.299      0.000      -0.501      -0.363
C(project_component)[T.DNN::URL ReWriter]                                                               -0.1651      0.040     -4.177      0.000      -0.243      -0.088
C(project_component)[T.DNN::Unclassified]                                                                0.7924      0.011     70.333      0.000       0.770       0.815
C(project_component)[T.DNN::Upgrade]                                                                   -23.8025      1.078    -22.080      0.000     -25.915     -21.690
C(project_component)[T.DNN::User Profile]                                                               -0.3545      0.039     -9.127      0.000      -0.431      -0.278
C(project_component)[T.DNN::dam]                                                                         0.6310      0.053     11.925      0.000       0.527       0.735
C(project_component)[T.DNN::jQuery]                                                                      0.9829      0.042     23.677      0.000       0.902       1.064
C(project_component)[T.FAB::Unclassified]                                                                1.9584      0.022     89.014      0.000       1.915       2.002
C(project_component)[T.FAB::fabric-build]                                                                0.7668      0.038     20.060      0.000       0.692       0.842
C(project_component)[T.FAB::fabric-ci]                                                                   1.1331      0.046     24.435      0.000       1.042       1.224
C(project_component)[T.FAB::fabric-common]                                                               2.3552      0.047     49.744      0.000       2.262       2.448
C(project_component)[T.FAB::fabric-crypto]                                                               3.3286      0.041     81.252      0.000       3.248       3.409
C(project_component)[T.FAB::fabric-docs]                                                                 1.7714      0.034     52.743      0.000       1.706       1.837
C(project_component)[T.FAB::fabric-gossip]                                                               1.7347      0.035     49.935      0.000       1.667       1.803
C(project_component)[T.FAB::fabric-ledger]                                                               2.1823      0.032     67.161      0.000       2.119       2.246
C(project_component)[T.FAB::fabric-orderer]                                                              1.6519      0.029     57.498      0.000       1.596       1.708
C(project_component)[T.FAB::fabric-peer]                                                                 2.3895      0.027     87.682      0.000       2.336       2.443
C(project_component)[T.FAB::fabric-quality]                                                              1.1622      0.027     43.653      0.000       1.110       1.214
C(project_component)[T.FAB::fabric-samples]                                                              0.7666      0.036     21.361      0.000       0.696       0.837
C(project_component)[T.FAB::fabric-tools]                                                                1.6818      0.047     35.630      0.000       1.589       1.774
C(project_component)[T.JRASERVER::Administration - Fields]                                               1.4659      0.081     18.021      0.000       1.306       1.625
C(project_component)[T.JRASERVER::Administration - Issue Types]                                          0.7172      0.107      6.692      0.000       0.507       0.927
C(project_component)[T.JRASERVER::Administration - Others]                                               1.9473      0.060     32.641      0.000       1.830       2.064
C(project_component)[T.JRASERVER::Administration - Permission Helper]                                    1.1645      0.039     30.136      0.000       1.089       1.240
C(project_component)[T.JRASERVER::Administration - Screens]                                              1.4782      0.084     17.643      0.000       1.314       1.642
C(project_component)[T.JRASERVER::Administration - Workflows]                                            1.6591      0.078     21.294      0.000       1.506       1.812
C(project_component)[T.JRASERVER::Application Links]                                                     1.3663      0.064     21.445      0.000       1.241       1.491
C(project_component)[T.JRASERVER::Backup & Restore (non-migration)]                                      0.8721      0.127      6.855      0.000       0.623       1.121
C(project_component)[T.JRASERVER::Bulk Operations]                                                       1.2799      0.069     18.482      0.000       1.144       1.416
C(project_component)[T.JRASERVER::Custom fields]                                                         1.5396      0.050     30.622      0.000       1.441       1.638
C(project_component)[T.JRASERVER::Dashboard & Gadgets]                                                   1.1087      0.084     13.127      0.000       0.943       1.274
C(project_component)[T.JRASERVER::Dashboards & Reports - Reports]                                        1.4059      0.079     17.861      0.000       1.252       1.560
C(project_component)[T.JRASERVER::Data Center - Other]                                                   1.3627      0.067     20.249      0.000       1.231       1.495
C(project_component)[T.JRASERVER::Documentation - All]                                                   1.3371      0.088     15.137      0.000       1.164       1.510
C(project_component)[T.JRASERVER::Email notifications]                                                   1.6335      0.083     19.774      0.000       1.472       1.795
C(project_component)[T.JRASERVER::Import / Export [Deprecated]]                                          1.1138      0.055     20.434      0.000       1.007       1.221
C(project_component)[T.JRASERVER::Indexing]                                                              1.1175      0.082     13.608      0.000       0.957       1.278
C(project_component)[T.JRASERVER::Infrastructure & Services - Application Lifecycle]                     1.0883      0.094     11.624      0.000       0.905       1.272
C(project_component)[T.JRASERVER::Installation]                                                          1.0411      0.089     11.734      0.000       0.867       1.215
C(project_component)[T.JRASERVER::Issue - Actions]                                                       0.5981      0.112      5.363      0.000       0.380       0.817
C(project_component)[T.JRASERVER::Issue - Attachments]                                                   0.5995      0.098      6.148      0.000       0.408       0.791
C(project_component)[T.JRASERVER::Issue - Comments]                                                      0.8582      0.107      8.048      0.000       0.649       1.067
C(project_component)[T.JRASERVER::Issue - Create Issue]                                                  0.0270      0.127      0.213      0.831      -0.222       0.276
C(project_component)[T.JRASERVER::Issue - Fields]                                                        1.0003      0.097     10.345      0.000       0.811       1.190
C(project_component)[T.JRASERVER::Issue - Others]                                                       -0.3531      0.119     -2.972      0.003      -0.586      -0.120
C(project_component)[T.JRASERVER::Issue - Sub-Tasks]                                                     1.2116      0.062     19.652      0.000       1.091       1.332
C(project_component)[T.JRASERVER::Issue - Time Tracking & Worklog]                                       1.6005      0.083     19.228      0.000       1.437       1.764
C(project_component)[T.JRASERVER::Issue - View Issue]                                                    0.9187      0.121      7.623      0.000       0.683       1.155
C(project_component)[T.JRASERVER::JQL]                                                                   0.8227      0.076     10.766      0.000       0.673       0.972
C(project_component)[T.JRASERVER::Java API]                                                              1.1400      0.089     12.805      0.000       0.965       1.314
C(project_component)[T.JRASERVER::Jira Importers Plugin]                                                 1.8865      0.057     33.122      0.000       1.775       1.998
C(project_component)[T.JRASERVER::Keyboard Shortcuts]                                                   -0.3047      0.095     -3.201      0.001      -0.491      -0.118
C(project_component)[T.JRASERVER::Licensing]                                                             1.1451      0.102     11.270      0.000       0.946       1.344
C(project_component)[T.JRASERVER::Login]                                                                 0.6470      0.097      6.696      0.000       0.458       0.836
C(project_component)[T.JRASERVER::Mail Server]                                                           1.7547      0.049     36.098      0.000       1.659       1.850
C(project_component)[T.JRASERVER::Migration - Cloud to Server]                                           0.1461      0.040      3.672      0.000       0.068       0.224
C(project_component)[T.JRASERVER::Migration - Server to Cloud]                                           0.9275      0.121      7.669      0.000       0.690       1.165
C(project_component)[T.JRASERVER::Migration - Server to Server]                                          1.2122      0.109     11.098      0.000       0.998       1.426
C(project_component)[T.JRASERVER::Mobile]                                                                1.5642      0.039     39.890      0.000       1.487       1.641
C(project_component)[T.JRASERVER::Navigation - Export]                                                   0.8513      0.091      9.335      0.000       0.673       1.030
C(project_component)[T.JRASERVER::Navigation - Filters]                                                  1.1233      0.084     13.418      0.000       0.959       1.287
C(project_component)[T.JRASERVER::Navigation - Search]                                                   0.5902      0.101      5.824      0.000       0.392       0.789
C(project_component)[T.JRASERVER::Navigation - View results]                                             0.5390      0.101      5.315      0.000       0.340       0.738
C(project_component)[T.JRASERVER::Navigation Panel]                                                      0.4300      0.132      3.263      0.001       0.172       0.688
C(project_component)[T.JRASERVER::Project - Actions]                                                     0.5606      0.123      4.561      0.000       0.320       0.802
C(project_component)[T.JRASERVER::Project - Agile Boards]                                                1.1363      0.040     28.066      0.000       1.057       1.216
C(project_component)[T.JRASERVER::Project - Issues]                                                    -23.8839      1.099    -21.734      0.000     -26.038     -21.730
C(project_component)[T.JRASERVER::Project - Releases]                                                    1.6914      0.093     18.180      0.000       1.509       1.874
C(project_component)[T.JRASERVER::Project Administration - Components]                                   1.7599      0.092     19.146      0.000       1.580       1.940
C(project_component)[T.JRASERVER::Project Administration - Others]                                       1.7462      0.109     16.093      0.000       1.534       1.959
C(project_component)[T.JRASERVER::Project Administration - Permissions]                                  1.7044      0.077     22.270      0.000       1.554       1.854
C(project_component)[T.JRASERVER::Project Administration - Project Summary]                              0.5877      0.115      5.101      0.000       0.362       0.813
C(project_component)[T.JRASERVER::Project Administration - Users and Roles]                              1.2702      0.068     18.738      0.000       1.137       1.403
C(project_component)[T.JRASERVER::Project Administration - Versions]                                     1.3631      0.087     15.622      0.000       1.192       1.534
C(project_component)[T.JRASERVER::Projects - Sidebar]                                                   -0.2059      0.042     -4.954      0.000      -0.287      -0.124
C(project_component)[T.JRASERVER::REST API]                                                              1.6865      0.114     14.805      0.000       1.463       1.910
C(project_component)[T.JRASERVER::Rich Text Editor]                                                     -0.3865      0.039     -9.989      0.000      -0.462      -0.311
C(project_component)[T.JRASERVER::Scheduled Tasks]                                                       1.7640      0.056     31.445      0.000       1.654       1.874
C(project_component)[T.JRASERVER::System Administration  - Global Permissions]                           1.8869      0.077     24.543      0.000       1.736       2.038
C(project_component)[T.JRASERVER::System Administration - Audit Logs]                                    2.1799      0.140     15.552      0.000       1.905       2.455
C(project_component)[T.JRASERVER::System Administration - Configuration Tool]                            1.5920      0.044     36.225      0.000       1.506       1.678
C(project_component)[T.JRASERVER::System Administration - General Configuration]                         0.6227      0.155      4.027      0.000       0.320       0.926
C(project_component)[T.JRASERVER::System Administration - Integrity Checker]                             1.9692      0.051     38.907      0.000       1.870       2.068
C(project_component)[T.JRASERVER::System Administration - Look and Feel]                                 0.8774      0.071     12.407      0.000       0.739       1.016
C(project_component)[T.JRASERVER::System Administration - Others]                                        1.0032      0.136      7.398      0.000       0.737       1.269
C(project_component)[T.JRASERVER::System Administration - Priorities]                                    0.7797      0.120      6.494      0.000       0.544       1.015
C(project_component)[T.JRASERVER::System Administration - Secure Administrator Sessions]                -0.2745      0.057     -4.781      0.000      -0.387      -0.162
C(project_component)[T.JRASERVER::Translations]                                                        -23.7406      1.078    -22.015      0.000     -25.854     -21.627
C(project_component)[T.JRASERVER::Troubleshooting and Support Tools (ATST)]                              0.9875      0.113      8.763      0.000       0.767       1.208
C(project_component)[T.JRASERVER::UPM (Universal Plugin Manager)]                                        1.5781      0.054     29.126      0.000       1.472       1.684
C(project_component)[T.JRASERVER::Unclassified]                                                          1.8261      0.100     18.237      0.000       1.630       2.022
C(project_component)[T.JRASERVER::Upgrade]                                                              -0.0661      0.156     -0.424      0.672      -0.372       0.240
C(project_component)[T.JRASERVER::User Management - LDAP Integration]                                    1.1633      0.108     10.735      0.000       0.951       1.376
C(project_component)[T.JRASERVER::User Management - Others]                                              1.6221      0.095     17.076      0.000       1.436       1.808
C(project_component)[T.JRASERVER::User Management - User Profile]                                        0.2269      0.133      1.704      0.088      -0.034       0.488
C(project_component)[T.JRASERVER::Webhooks]                                                              1.1189      0.102     10.928      0.000       0.918       1.320
C(project_component)[T.MESOS::HTTP API]                                                                  2.4865      0.042     59.708      0.000       2.405       2.568
C(project_component)[T.MESOS::Unclassified]                                                              1.9766      0.027     72.349      0.000       1.923       2.030
C(project_component)[T.MESOS::agent]                                                                     1.7546      0.033     53.716      0.000       1.691       1.819
C(project_component)[T.MESOS::allocation]                                                                2.0466      0.041     50.240      0.000       1.967       2.126
C(project_component)[T.MESOS::build]                                                                     0.3204      0.033      9.570      0.000       0.255       0.386
C(project_component)[T.MESOS::c++ api]                                                                   2.0890      0.039     54.127      0.000       2.013       2.165
C(project_component)[T.MESOS::cli]                                                                       2.1246      0.042     50.901      0.000       2.043       2.206
C(project_component)[T.MESOS::cmake]                                                                     1.8813      0.042     45.146      0.000       1.800       1.963
C(project_component)[T.MESOS::containerization]                                                          2.1870      0.031     69.520      0.000       2.125       2.249
C(project_component)[T.MESOS::docker]                                                                    1.5842      0.037     43.190      0.000       1.512       1.656
C(project_component)[T.MESOS::documentation]                                                             1.7971      0.036     49.481      0.000       1.726       1.868
C(project_component)[T.MESOS::executor]                                                                  1.7139      0.036     48.259      0.000       1.644       1.783
C(project_component)[T.MESOS::fetcher]                                                                   1.1491      0.037     30.746      0.000       1.076       1.222
C(project_component)[T.MESOS::framework]                                                                 2.2358      0.038     58.861      0.000       2.161       2.310
C(project_component)[T.MESOS::java api]                                                                  1.3910      0.038     36.480      0.000       1.316       1.466
C(project_component)[T.MESOS::libprocess]                                                                1.4876      0.032     46.069      0.000       1.424       1.551
C(project_component)[T.MESOS::master]                                                                    1.9409      0.034     56.552      0.000       1.874       2.008
C(project_component)[T.MESOS::modules]                                                                   3.1941      0.042     76.550      0.000       3.112       3.276
C(project_component)[T.MESOS::network]                                                                 -23.7494      1.070    -22.194      0.000     -25.847     -21.652
C(project_component)[T.MESOS::project website]                                                           0.7953      0.038     20.685      0.000       0.720       0.871
C(project_component)[T.MESOS::python api]                                                                1.9003      0.038     49.749      0.000       1.825       1.975
C(project_component)[T.MESOS::security]                                                                  3.0075      0.041     73.705      0.000       2.928       3.088
C(project_component)[T.MESOS::storage]                                                                   2.5945      0.040     65.214      0.000       2.517       2.673
C(project_component)[T.MESOS::stout]                                                                     0.8977      0.035     25.569      0.000       0.829       0.967
C(project_component)[T.MESOS::test]                                                                     -0.2931      0.031     -9.549      0.000      -0.353      -0.233
C(project_component)[T.MESOS::webui]                                                                     1.2588      0.037     33.736      0.000       1.186       1.332
C(project_component)[T.MULE::Build: (other)]                                                             1.1869      0.045     26.308      0.000       1.098       1.275
C(project_component)[T.MULE::Build: Distributions]                                                       1.5305      0.046     33.061      0.000       1.440       1.621
C(project_component)[T.MULE::Build: Integration Tests]                                                   1.7803      0.068     26.039      0.000       1.646       1.914
C(project_component)[T.MULE::Build: Libraries / Dependencies]                                            1.5752      0.048     32.490      0.000       1.480       1.670
C(project_component)[T.MULE::Build: Maven]                                                               1.2008      0.059     20.266      0.000       1.085       1.317
C(project_component)[T.MULE::Core: (other)]                                                              1.6765      0.074     22.707      0.000       1.532       1.821
C(project_component)[T.MULE::Core: API]                                                                  2.3953      0.068     35.083      0.000       2.261       2.529
C(project_component)[T.MULE::Core: Bootstrap / Standalone]                                               1.4725      0.046     32.351      0.000       1.383       1.562
C(project_component)[T.MULE::Core: Classloading]                                                         1.1892      0.050     23.707      0.000       1.091       1.288
C(project_component)[T.MULE::Core: Components]                                                           1.7872      0.059     30.460      0.000       1.672       1.902
C(project_component)[T.MULE::Core: Concurrency / Threading]                                              1.4152      0.061     23.041      0.000       1.295       1.536
C(project_component)[T.MULE::Core: Configuration]                                                        2.1316      0.031     67.824      0.000       2.070       2.193
C(project_component)[T.MULE::Core: Containers]                                                           2.3765      0.037     64.821      0.000       2.305       2.448
C(project_component)[T.MULE::Core: DSL processing]                                                       1.3217      0.050     26.698      0.000       1.225       1.419
C(project_component)[T.MULE::Core: Deployment]                                                           1.6926      0.094     17.986      0.000       1.508       1.877
C(project_component)[T.MULE::Core: Domains shared resources]                                             1.9252      0.043     44.396      0.000       1.840       2.010
C(project_component)[T.MULE::Core: Endpoints]                                                            1.0569      0.044     23.881      0.000       0.970       1.144
C(project_component)[T.MULE::Core: Event/Message]                                                        1.4542      0.045     32.674      0.000       1.367       1.541
C(project_component)[T.MULE::Core: Exception Handling]                                                   1.7604      0.069     25.394      0.000       1.625       1.896
C(project_component)[T.MULE::Core: Expressions]                                                          1.4655      0.049     29.747      0.000       1.369       1.562
C(project_component)[T.MULE::Core: Flow]                                                                 1.7855      0.038     46.459      0.000       1.710       1.861
C(project_component)[T.MULE::Core: Lifecycle]                                                            1.2146      0.047     25.997      0.000       1.123       1.306
C(project_component)[T.MULE::Core: Logging]                                                              1.5841      0.039     41.142      0.000       1.509       1.660
C(project_component)[T.MULE::Core: Non-Blocking]                                                         2.0566      0.045     45.793      0.000       1.969       2.145
C(project_component)[T.MULE::Core: Policies]                                                             0.0782      0.050      1.557      0.119      -0.020       0.177
C(project_component)[T.MULE::Core: Queues (SEDA) / Persistence]                                          1.5813      0.055     28.561      0.000       1.473       1.690
C(project_component)[T.MULE::Core: Registry]                                                             2.0981      0.051     40.818      0.000       1.997       2.199
C(project_component)[T.MULE::Core: Routing / Filters]                                                    1.4628      0.066     22.244      0.000       1.334       1.592
C(project_component)[T.MULE::Core: Streaming]                                                            1.6499      0.060     27.449      0.000       1.532       1.768
C(project_component)[T.MULE::Core: Transformers]                                                         1.2153      0.063     19.225      0.000       1.091       1.339
C(project_component)[T.MULE::Core: Transports]                                                           1.6734      0.070     23.977      0.000       1.537       1.810
C(project_component)[T.MULE::Documentation / Website]                                                    1.2333      0.041     30.264      0.000       1.153       1.313
C(project_component)[T.MULE::Examples / Tutorials]                                                       1.0441      0.031     33.282      0.000       0.983       1.106
C(project_component)[T.MULE::Extensions]                                                                 2.9571      0.047     63.183      0.000       2.865       3.049
C(project_component)[T.MULE::Extensions API]                                                             2.7409      0.038     72.558      0.000       2.667       2.815
C(project_component)[T.MULE::Modules: (other)]                                                           2.2580      0.051     44.309      0.000       2.158       2.358
C(project_component)[T.MULE::Modules: CXF]                                                               1.1168      0.049     22.900      0.000       1.021       1.212
C(project_component)[T.MULE::Modules: File]                                                              1.0622      0.046     22.998      0.000       0.972       1.153
C(project_component)[T.MULE::Modules: HTTP]                                                              1.7257      0.032     54.303      0.000       1.663       1.788
C(project_component)[T.MULE::Modules: JCA Resource Adapter]                                              1.7268      0.039     44.263      0.000       1.650       1.803
C(project_component)[T.MULE::Modules: Management / JMX]                                                  2.0432      0.043     47.781      0.000       1.959       2.127
C(project_component)[T.MULE::Modules: Security (Spring Security, Acegi, PGP, WS-Security)]               1.9210      0.058     33.250      0.000       1.808       2.034
C(project_component)[T.MULE::Modules: WS Consumer]                                                       2.6227      0.041     64.329      0.000       2.543       2.703
C(project_component)[T.MULE::Modules: XML, XSLT, XPath, SXC]                                             1.7903      0.050     35.873      0.000       1.693       1.888
C(project_component)[T.MULE::Schema]                                                                     0.8392      0.040     21.097      0.000       0.761       0.917
C(project_component)[T.MULE::Test: Testing Framework]                                                    2.2262      0.050     44.472      0.000       2.128       2.324
C(project_component)[T.MULE::Tooling Client]                                                             0.3207      0.055      5.878      0.000       0.214       0.428
C(project_component)[T.MULE::Tools]                                                                      2.0945      0.038     54.961      0.000       2.020       2.169
C(project_component)[T.MULE::Tools: Archetypes]                                                          1.3394      0.039     34.422      0.000       1.263       1.416
C(project_component)[T.MULE::Transport: (other)]                                                         1.5355      0.048     32.322      0.000       1.442       1.629
C(project_component)[T.MULE::Transport: Axis]                                                            0.9685      0.038     25.570      0.000       0.894       1.043
C(project_component)[T.MULE::Transport: Email]                                                           0.9106      0.048     18.959      0.000       0.816       1.005
C(project_component)[T.MULE::Transport: FTP / SFTP]                                                      1.3323      0.067     19.942      0.000       1.201       1.463
C(project_component)[T.MULE::Transport: File]                                                            1.0377      0.062     16.781      0.000       0.917       1.159
C(project_component)[T.MULE::Transport: HTTP(S) / Jetty]                                                 1.3991      0.065     21.597      0.000       1.272       1.526
C(project_component)[T.MULE::Transport: JDBC]                                                            1.5732      0.041     38.543      0.000       1.493       1.653
C(project_component)[T.MULE::Transport: JMS]                                                             1.1579      0.049     23.600      0.000       1.062       1.254
C(project_component)[T.MULE::Transport: Quartz]                                                          0.8100      0.068     11.943      0.000       0.677       0.943
C(project_component)[T.MULE::Transport: TCP / UDP / SSL / Multicast]                                     1.5421      0.048     32.386      0.000       1.449       1.635
C(project_component)[T.MULE::Transport: VM]                                                              0.7521      0.068     11.012      0.000       0.618       0.886
C(project_component)[T.MULE::Unclassified]                                                               1.8248      0.113     16.100      0.000       1.603       2.047
C(project_component)[T.MULE::sdk]                                                                        2.0151      0.036     55.781      0.000       1.944       2.086
C(project_component)[T.NEXUS::Blobstore]                                                                 1.2203      0.038     32.431      0.000       1.147       1.294
C(project_component)[T.NEXUS::Bootstrap]                                                                 0.9898      0.039     25.644      0.000       0.914       1.065
C(project_component)[T.NEXUS::Browse Remote]                                                             0.7508      0.039     19.030      0.000       0.673       0.828
C(project_component)[T.NEXUS::Browse Storage]                                                            0.4947      0.043     11.601      0.000       0.411       0.578
C(project_component)[T.NEXUS::Build]                                                                     1.4736      0.038     39.000      0.000       1.400       1.548
C(project_component)[T.NEXUS::Build Tooling]                                                             1.7696      0.046     38.329      0.000       1.679       1.860
C(project_component)[T.NEXUS::Capabilities]                                                              1.0180      0.038     26.736      0.000       0.943       1.093
C(project_component)[T.NEXUS::Cleanup]                                                                   0.6024      0.041     14.792      0.000       0.523       0.682
C(project_component)[T.NEXUS::Configuration]                                                             1.2251      0.042     29.120      0.000       1.143       1.308
C(project_component)[T.NEXUS::Content Selectors]                                                         0.8942      0.039     23.193      0.000       0.819       0.970
C(project_component)[T.NEXUS::Crowd]                                                                     0.9115      0.048     19.103      0.000       0.818       1.005
C(project_component)[T.NEXUS::Database]                                                                  1.0106      0.038     26.628      0.000       0.936       1.085
C(project_component)[T.NEXUS::Docker]                                                                    0.5422      0.034     15.822      0.000       0.475       0.609
C(project_component)[T.NEXUS::Documentation]                                                             1.2489      0.057     21.986      0.000       1.138       1.360
C(project_component)[T.NEXUS::HA]                                                                        0.1289      0.044      2.934      0.003       0.043       0.215
C(project_component)[T.NEXUS::Installer]                                                                 0.8559      0.041     21.050      0.000       0.776       0.936
C(project_component)[T.NEXUS::LDAP]                                                                      0.6174      0.041     15.084      0.000       0.537       0.698
C(project_component)[T.NEXUS::Logging]                                                                  -0.1473      0.036     -4.099      0.000      -0.218      -0.077
C(project_component)[T.NEXUS::Maven]                                                                     0.3019      0.045      6.673      0.000       0.213       0.391
C(project_component)[T.NEXUS::Migration]                                                                 0.9156      0.044     20.912      0.000       0.830       1.001
C(project_component)[T.NEXUS::NPM]                                                                       0.8604      0.035     24.599      0.000       0.792       0.929
C(project_component)[T.NEXUS::NuGet]                                                                     0.7595      0.039     19.521      0.000       0.683       0.836
C(project_component)[T.NEXUS::Outreach]                                                                  0.6980      0.039     17.759      0.000       0.621       0.775
C(project_component)[T.NEXUS::P2]                                                                        0.3515      0.041      8.674      0.000       0.272       0.431
C(project_component)[T.NEXUS::Proxy Repository]                                                          1.7328      0.040     43.759      0.000       1.655       1.810
C(project_component)[T.NEXUS::PyPI]                                                                      0.5390      0.040     13.533      0.000       0.461       0.617
C(project_component)[T.NEXUS::REST]                                                                      2.0837      0.058     36.235      0.000       1.971       2.196
C(project_component)[T.NEXUS::Raw]                                                                       0.6341      0.038     16.624      0.000       0.559       0.709
C(project_component)[T.NEXUS::Repository]                                                                0.8186      0.030     27.573      0.000       0.760       0.877
C(project_component)[T.NEXUS::Repository Health Check]                                                   0.2985      0.038      7.887      0.000       0.224       0.373
C(project_component)[T.NEXUS::Routing]                                                                   0.3314      0.043      7.796      0.000       0.248       0.415
C(project_component)[T.NEXUS::RubyGems]                                                                  0.1299      0.044      2.956      0.003       0.044       0.216
C(project_component)[T.NEXUS::S3]                                                                        2.0087      0.042     47.295      0.000       1.925       2.092
C(project_component)[T.NEXUS::SSL]                                                                       1.3067      0.038     34.166      0.000       1.232       1.382
C(project_component)[T.NEXUS::Scheduled Tasks]                                                           0.5500      0.049     11.204      0.000       0.454       0.646
C(project_component)[T.NEXUS::Scripting]                                                                 2.0025      0.044     45.645      0.000       1.917       2.089
C(project_component)[T.NEXUS::Search]                                                                    0.3395      0.033     10.341      0.000       0.275       0.404
C(project_component)[T.NEXUS::Security]                                                                  0.4830      0.042     11.614      0.000       0.402       0.565
C(project_component)[T.NEXUS::Staging]                                                                   1.7217      0.040     42.901      0.000       1.643       1.800
C(project_component)[T.NEXUS::Support Tools]                                                            -0.0414      0.039     -1.051      0.293      -0.119       0.036
C(project_component)[T.NEXUS::System Feeds]                                                              0.5457      0.039     14.103      0.000       0.470       0.621
C(project_component)[T.NEXUS::Transport]                                                                 1.0406      0.051     20.498      0.000       0.941       1.140
C(project_component)[T.NEXUS::UI]                                                                        0.2374      0.033      7.122      0.000       0.172       0.303
C(project_component)[T.NEXUS::Unclassified]                                                              1.1208      0.025     44.460      0.000       1.071       1.170
C(project_component)[T.NEXUS::Upgrade]                                                                   0.6860      0.044     15.458      0.000       0.599       0.773
C(project_component)[T.NEXUS::Upload UI]                                                                -0.5193      0.043    -11.980      0.000      -0.604      -0.434
C(project_component)[T.NEXUS::User Token]                                                                0.8686      0.039     22.309      0.000       0.792       0.945
C(project_component)[T.NEXUS::Yum]                                                                       0.9502      0.036     26.333      0.000       0.879       1.021
C(project_component)[T.SERVER::Admin]                                                                    0.6907      0.040     17.440      0.000       0.613       0.768
C(project_component)[T.SERVER::Aggregation Framework]                                                    0.6803      0.046     14.679      0.000       0.589       0.771
C(project_component)[T.SERVER::Build]                                                                    0.9055      0.050     18.149      0.000       0.808       1.003
C(project_component)[T.SERVER::Catalog]                                                                  0.3200      0.044      7.346      0.000       0.235       0.405
C(project_component)[T.SERVER::Concurrency]                                                              0.3463      0.040      8.588      0.000       0.267       0.425
C(project_component)[T.SERVER::Diagnostics]                                                              0.3457      0.054      6.396      0.000       0.240       0.452
C(project_component)[T.SERVER::Geo]                                                                     -1.4157      0.030    -46.536      0.000      -1.475      -1.356
C(project_component)[T.SERVER::HTTP Console]                                                             0.8531      0.039     21.794      0.000       0.776       0.930
C(project_component)[T.SERVER::IDL]                                                                     -0.2574      0.047     -5.428      0.000      -0.350      -0.164
C(project_component)[T.SERVER::Indexing]                                                                -0.7921      0.041    -19.155      0.000      -0.873      -0.711
C(project_component)[T.SERVER::Internal Client]                                                          1.0103      0.034     29.490      0.000       0.943       1.077
C(project_component)[T.SERVER::Internal Code]                                                            1.0306      0.040     25.910      0.000       0.953       1.109
C(project_component)[T.SERVER::JavaScript]                                                               0.3215      0.036      9.041      0.000       0.252       0.391
C(project_component)[T.SERVER::Logging]                                                                  0.5921      0.043     13.857      0.000       0.508       0.676
C(project_component)[T.SERVER::MMAPv1]                                                                   0.1264      0.061      2.057      0.040       0.006       0.247
C(project_component)[T.SERVER::MapReduce]                                                               -0.5959      0.039    -15.136      0.000      -0.673      -0.519
C(project_component)[T.SERVER::Networking]                                                               1.0650      0.048     21.995      0.000       0.970       1.160
C(project_component)[T.SERVER::Packaging]                                                                0.1924      0.037      5.249      0.000       0.121       0.264
C(project_component)[T.SERVER::Performance]                                                              0.3749      0.049      7.726      0.000       0.280       0.470
C(project_component)[T.SERVER::Portability]                                                              0.8479      0.039     21.494      0.000       0.771       0.925
C(project_component)[T.SERVER::Querying]                                                                -0.0370      0.040     -0.915      0.360      -0.116       0.042
C(project_component)[T.SERVER::Replication]                                                              0.0504      0.058      0.865      0.387      -0.064       0.164
C(project_component)[T.SERVER::Security]                                                                 1.2451      0.032     38.432      0.000       1.182       1.309
C(project_component)[T.SERVER::Sharding]                                                                 0.2761      0.057      4.821      0.000       0.164       0.388
C(project_component)[T.SERVER::Shell]                                                                    0.2450      0.036      6.826      0.000       0.175       0.315
C(project_component)[T.SERVER::Stability]                                                               -1.1056      0.033    -33.702      0.000      -1.170      -1.041
C(project_component)[T.SERVER::Storage]                                                                  0.5696      0.053     10.777      0.000       0.466       0.673
C(project_component)[T.SERVER::Testing Infrastructure]                                                   0.2482      0.036      6.928      0.000       0.178       0.318
C(project_component)[T.SERVER::Text Search]                                                              0.1725      0.039      4.390      0.000       0.095       0.250
C(project_component)[T.SERVER::Tools]                                                                    0.2254      0.030      7.614      0.000       0.167       0.283
C(project_component)[T.SERVER::Unclassified]                                                             0.4938      0.076      6.489      0.000       0.345       0.643
C(project_component)[T.SERVER::Upgrade/Downgrade]                                                        0.1890      0.047      4.049      0.000       0.098       0.281
C(project_component)[T.SERVER::Usability]                                                                0.9766      0.041     23.817      0.000       0.896       1.057
C(project_component)[T.SERVER::WiredTiger]                                                              -0.1596      0.021     -7.490      0.000      -0.201      -0.118
C(project_component)[T.SERVER::Write Ops]                                                                0.4158      0.039     10.585      0.000       0.339       0.493
C(project_component)[T.TIMOB::Android]                                                                   0.8610      0.069     12.475      0.000       0.726       0.996
C(project_component)[T.TIMOB::BlackBerry]                                                                1.2186      0.030     40.219      0.000       1.159       1.278
C(project_component)[T.TIMOB::CLI]                                                                       1.0878      0.013     81.936      0.000       1.062       1.114
C(project_component)[T.TIMOB::Code Processor]                                                            2.0718      0.043     48.316      0.000       1.988       2.156
C(project_component)[T.TIMOB::Core]                                                                      1.6823      0.037     45.115      0.000       1.609       1.755
C(project_component)[T.TIMOB::Drillbit]                                                                  1.6715      0.046     36.212      0.000       1.581       1.762
C(project_component)[T.TIMOB::Hyperloop]                                                                 1.1720      0.032     36.583      0.000       1.109       1.235
C(project_component)[T.TIMOB::LiveView]                                                                  0.4402      0.037     11.775      0.000       0.367       0.513
C(project_component)[T.TIMOB::MobileWeb]                                                                 0.4479      0.011     39.179      0.000       0.425       0.470
C(project_component)[T.TIMOB::TiAPI]                                                                     2.2417      0.037     60.934      0.000       2.170       2.314
C(project_component)[T.TIMOB::Tizen]                                                                    -0.3323      0.053     -6.269      0.000      -0.436      -0.228
C(project_component)[T.TIMOB::Tooling]                                                                   1.4083      0.030     47.574      0.000       1.350       1.466
C(project_component)[T.TIMOB::Unclassified]                                                              0.4362      0.033     13.316      0.000       0.372       0.500
C(project_component)[T.TIMOB::Windows]                                                                   1.2314      0.009    135.047      0.000       1.213       1.249
C(project_component)[T.TIMOB::Windows Hybrid]                                                            0.5790      0.041     14.177      0.000       0.499       0.659
C(project_component)[T.TIMOB::iOS]                                                                       0.7128      0.046     15.331      0.000       0.622       0.804
bug_count_lag1                                                                                          -0.0033      0.000     -8.353      0.000      -0.004      -0.003
bug_count_lag2                                                                                           0.0008      0.001      0.736      0.462      -0.001       0.003
bug_count_lag3                                                                                        -5.38e-05      0.001     -0.102      0.919      -0.001       0.001
bug_count_lag4                                                                                          -0.0003      0.001     -0.532      0.595      -0.002       0.001
quarter_index                                                                                            0.0130      0.003      4.142      0.000       0.007       0.019
========================================================================================================================================================================
