2026-09-28 08:01:48,902 - INFO - Panel: 17790 rows (448 project-component series) -> 3919 after dropping NA lag/control rows
/home/smorgan/repos/design-detection-and-defect-improvement/.venv/lib/python3.12/site-packages/statsmodels/discrete/discrete_model.py:3709: RuntimeWarning: divide by zero encountered in log
  llf = coeff + size * np.log(prob) + endog * np.log(1 - prob)
/home/smorgan/repos/design-detection-and-defect-improvement/.venv/lib/python3.12/site-packages/statsmodels/discrete/discrete_model.py:3709: RuntimeWarning: divide by zero encountered in log
  llf = coeff + size * np.log(prob) + endog * np.log(1 - prob)
/home/smorgan/repos/design-detection-and-defect-improvement/.venv/lib/python3.12/site-packages/statsmodels/discrete/discrete_model.py:3709: RuntimeWarning: divide by zero encountered in log
  llf = coeff + size * np.log(prob) + endog * np.log(1 - prob)
2026-09-28 08:02:00,300 - INFO - Running 200-permutation null for H1 (this is slow with 202 series)...
/home/smorgan/repos/design-detection-and-defect-improvement/.venv/lib/python3.12/site-packages/statsmodels/discrete/discrete_model.py:3709: RuntimeWarning: divide by zero encountered in log
  llf = coeff + size * np.log(prob) + endog * np.log(1 - prob)
/home/smorgan/repos/design-detection-and-defect-improvement/.venv/lib/python3.12/site-packages/statsmodels/discrete/discrete_model.py:3709: RuntimeWarning: divide by zero encountered in log
  llf = coeff + size * np.log(prob) + endog * np.log(1 - prob)
/home/smorgan/repos/design-detection-and-defect-improvement/.venv/lib/python3.12/site-packages/statsmodels/discrete/discrete_model.py:3709: RuntimeWarning: divide by zero encountered in log
  llf = coeff + size * np.log(prob) + endog * np.log(1 - prob)
/home/smorgan/repos/design-detection-and-defect-improvement/.venv/lib/python3.12/site-packages/statsmodels/discrete/discrete_model.py:3709: RuntimeWarning: invalid value encountered in multiply
  llf = coeff + size * np.log(prob) + endog * np.log(1 - prob)
/home/smorgan/repos/design-detection-and-defect-improvement/.venv/lib/python3.12/site-packages/statsmodels/discrete/discrete_model.py:3709: RuntimeWarning: divide by zero encountered in log
  llf = coeff + size * np.log(prob) + endog * np.log(1 - prob)
/home/smorgan/repos/design-detection-and-defect-improvement/.venv/lib/python3.12/site-packages/statsmodels/discrete/discrete_model.py:3709: RuntimeWarning: invalid value encountered in multiply
  llf = coeff + size * np.log(prob) + endog * np.log(1 - prob)
/home/smorgan/repos/design-detection-and-defect-improvement/.venv/lib/python3.12/site-packages/statsmodels/discrete/discrete_model.py:3709: RuntimeWarning: divide by zero encountered in log
  llf = coeff + size * np.log(prob) + endog * np.log(1 - prob)
/home/smorgan/repos/design-detection-and-defect-improvement/.venv/lib/python3.12/site-packages/statsmodels/discrete/discrete_model.py:3709: RuntimeWarning: invalid value encountered in multiply
  llf = coeff + size * np.log(prob) + endog * np.log(1 - prob)
/home/smorgan/repos/design-detection-and-defect-improvement/.venv/lib/python3.12/site-packages/statsmodels/discrete/discrete_model.py:3709: RuntimeWarning: divide by zero encountered in log
  llf = coeff + size * np.log(prob) + endog * np.log(1 - prob)
/home/smorgan/repos/design-detection-and-defect-improvement/.venv/lib/python3.12/site-packages/statsmodels/discrete/discrete_model.py:3709: RuntimeWarning: invalid value encountered in multiply
  llf = coeff + size * np.log(prob) + endog * np.log(1 - prob)
/home/smorgan/repos/design-detection-and-defect-improvement/.venv/lib/python3.12/site-packages/statsmodels/discrete/discrete_model.py:3709: RuntimeWarning: divide by zero encountered in log
  llf = coeff + size * np.log(prob) + endog * np.log(1 - prob)
/home/smorgan/repos/design-detection-and-defect-improvement/.venv/lib/python3.12/site-packages/statsmodels/discrete/discrete_model.py:3709: RuntimeWarning: invalid value encountered in multiply
  llf = coeff + size * np.log(prob) + endog * np.log(1 - prob)
/home/smorgan/repos/design-detection-and-defect-improvement/.venv/lib/python3.12/site-packages/statsmodels/discrete/discrete_model.py:3709: RuntimeWarning: divide by zero encountered in log
  llf = coeff + size * np.log(prob) + endog * np.log(1 - prob)
/home/smorgan/repos/design-detection-and-defect-improvement/.venv/lib/python3.12/site-packages/statsmodels/discrete/discrete_model.py:3709: RuntimeWarning: invalid value encountered in multiply
  llf = coeff + size * np.log(prob) + endog * np.log(1 - prob)
/home/smorgan/repos/design-detection-and-defect-improvement/.venv/lib/python3.12/site-packages/statsmodels/discrete/discrete_model.py:268: HessianInversionWarning: Inverting hessian failed, no bse or cov_params available
  mlefit = super().fit(
/home/smorgan/repos/design-detection-and-defect-improvement/.venv/lib/python3.12/site-packages/statsmodels/discrete/discrete_model.py:268: ConvergenceWarning: Maximum Likelihood optimization failed to converge. Check mle_retvals
  mlefit = super().fit(
/home/smorgan/repos/design-detection-and-defect-improvement/.venv/lib/python3.12/site-packages/statsmodels/discrete/discrete_model.py:3709: RuntimeWarning: divide by zero encountered in log
  llf = coeff + size * np.log(prob) + endog * np.log(1 - prob)
/home/smorgan/repos/design-detection-and-defect-improvement/.venv/lib/python3.12/site-packages/statsmodels/discrete/discrete_model.py:3709: RuntimeWarning: invalid value encountered in multiply
  llf = coeff + size * np.log(prob) + endog * np.log(1 - prob)
/home/smorgan/repos/design-detection-and-defect-improvement/.venv/lib/python3.12/site-packages/statsmodels/discrete/discrete_model.py:3709: RuntimeWarning: divide by zero encountered in log
  llf = coeff + size * np.log(prob) + endog * np.log(1 - prob)
/home/smorgan/repos/design-detection-and-defect-improvement/.venv/lib/python3.12/site-packages/statsmodels/discrete/discrete_model.py:3709: RuntimeWarning: invalid value encountered in multiply
  llf = coeff + size * np.log(prob) + endog * np.log(1 - prob)
/home/smorgan/repos/design-detection-and-defect-improvement/.venv/lib/python3.12/site-packages/statsmodels/discrete/discrete_model.py:268: HessianInversionWarning: Inverting hessian failed, no bse or cov_params available
  mlefit = super().fit(
/home/smorgan/repos/design-detection-and-defect-improvement/.venv/lib/python3.12/site-packages/statsmodels/discrete/discrete_model.py:268: ConvergenceWarning: Maximum Likelihood optimization failed to converge. Check mle_retvals
  mlefit = super().fit(
/home/smorgan/repos/design-detection-and-defect-improvement/.venv/lib/python3.12/site-packages/statsmodels/discrete/discrete_model.py:3709: RuntimeWarning: divide by zero encountered in log
  llf = coeff + size * np.log(prob) + endog * np.log(1 - prob)
/home/smorgan/repos/design-detection-and-defect-improvement/.venv/lib/python3.12/site-packages/statsmodels/discrete/discrete_model.py:3709: RuntimeWarning: invalid value encountered in multiply
  llf = coeff + size * np.log(prob) + endog * np.log(1 - prob)
/home/smorgan/repos/design-detection-and-defect-improvement/.venv/lib/python3.12/site-packages/statsmodels/discrete/discrete_model.py:3709: RuntimeWarning: divide by zero encountered in log
  llf = coeff + size * np.log(prob) + endog * np.log(1 - prob)
/home/smorgan/repos/design-detection-and-defect-improvement/.venv/lib/python3.12/site-packages/statsmodels/discrete/discrete_model.py:3709: RuntimeWarning: invalid value encountered in multiply
  llf = coeff + size * np.log(prob) + endog * np.log(1 - prob)
/home/smorgan/repos/design-detection-and-defect-improvement/.venv/lib/python3.12/site-packages/statsmodels/discrete/discrete_model.py:268: HessianInversionWarning: Inverting hessian failed, no bse or cov_params available
  mlefit = super().fit(
/home/smorgan/repos/design-detection-and-defect-improvement/.venv/lib/python3.12/site-packages/statsmodels/discrete/discrete_model.py:268: ConvergenceWarning: Maximum Likelihood optimization failed to converge. Check mle_retvals
  mlefit = super().fit(
/home/smorgan/repos/design-detection-and-defect-improvement/.venv/lib/python3.12/site-packages/statsmodels/discrete/discrete_model.py:3709: RuntimeWarning: divide by zero encountered in log
  llf = coeff + size * np.log(prob) + endog * np.log(1 - prob)
/home/smorgan/repos/design-detection-and-defect-improvement/.venv/lib/python3.12/site-packages/statsmodels/discrete/discrete_model.py:3709: RuntimeWarning: invalid value encountered in multiply
  llf = coeff + size * np.log(prob) + endog * np.log(1 - prob)
/home/smorgan/repos/design-detection-and-defect-improvement/.venv/lib/python3.12/site-packages/statsmodels/discrete/discrete_model.py:3709: RuntimeWarning: divide by zero encountered in log
  llf = coeff + size * np.log(prob) + endog * np.log(1 - prob)
/home/smorgan/repos/design-detection-and-defect-improvement/.venv/lib/python3.12/site-packages/statsmodels/discrete/discrete_model.py:3709: RuntimeWarning: invalid value encountered in multiply
  llf = coeff + size * np.log(prob) + endog * np.log(1 - prob)
/home/smorgan/repos/design-detection-and-defect-improvement/.venv/lib/python3.12/site-packages/statsmodels/discrete/discrete_model.py:268: HessianInversionWarning: Inverting hessian failed, no bse or cov_params available
  mlefit = super().fit(
/home/smorgan/repos/design-detection-and-defect-improvement/.venv/lib/python3.12/site-packages/statsmodels/discrete/discrete_model.py:268: ConvergenceWarning: Maximum Likelihood optimization failed to converge. Check mle_retvals
  mlefit = super().fit(
/home/smorgan/repos/design-detection-and-defect-improvement/.venv/lib/python3.12/site-packages/statsmodels/discrete/discrete_model.py:3709: RuntimeWarning: divide by zero encountered in log
  llf = coeff + size * np.log(prob) + endog * np.log(1 - prob)
/home/smorgan/repos/design-detection-and-defect-improvement/.venv/lib/python3.12/site-packages/statsmodels/discrete/discrete_model.py:3709: RuntimeWarning: invalid value encountered in multiply
  llf = coeff + size * np.log(prob) + endog * np.log(1 - prob)
/home/smorgan/repos/design-detection-and-defect-improvement/.venv/lib/python3.12/site-packages/statsmodels/discrete/discrete_model.py:3709: RuntimeWarning: divide by zero encountered in log
  llf = coeff + size * np.log(prob) + endog * np.log(1 - prob)
/home/smorgan/repos/design-detection-and-defect-improvement/.venv/lib/python3.12/site-packages/statsmodels/discrete/discrete_model.py:3709: RuntimeWarning: invalid value encountered in multiply
  llf = coeff + size * np.log(prob) + endog * np.log(1 - prob)
2026-09-28 08:10:57,604 - INFO - Running blocked-time CV MAE for M0/M1/M2...
/home/smorgan/repos/design-detection-and-defect-improvement/.venv/lib/python3.12/site-packages/statsmodels/discrete/discrete_model.py:3709: RuntimeWarning: divide by zero encountered in log
  llf = coeff + size * np.log(prob) + endog * np.log(1 - prob)
/home/smorgan/repos/design-detection-and-defect-improvement/.venv/lib/python3.12/site-packages/statsmodels/discrete/discrete_model.py:3709: RuntimeWarning: divide by zero encountered in log
  llf = coeff + size * np.log(prob) + endog * np.log(1 - prob)
/home/smorgan/repos/design-detection-and-defect-improvement/.venv/lib/python3.12/site-packages/statsmodels/discrete/discrete_model.py:3709: RuntimeWarning: divide by zero encountered in log
  llf = coeff + size * np.log(prob) + endog * np.log(1 - prob)
/home/smorgan/repos/design-detection-and-defect-improvement/.venv/lib/python3.12/site-packages/statsmodels/discrete/discrete_model.py:3709: RuntimeWarning: divide by zero encountered in log
  llf = coeff + size * np.log(prob) + endog * np.log(1 - prob)
/home/smorgan/repos/design-detection-and-defect-improvement/.venv/lib/python3.12/site-packages/statsmodels/discrete/discrete_model.py:3709: RuntimeWarning: divide by zero encountered in log
  llf = coeff + size * np.log(prob) + endog * np.log(1 - prob)
/home/smorgan/repos/design-detection-and-defect-improvement/.venv/lib/python3.12/site-packages/statsmodels/discrete/discrete_model.py:3709: RuntimeWarning: divide by zero encountered in log
  llf = coeff + size * np.log(prob) + endog * np.log(1 - prob)
/home/smorgan/repos/design-detection-and-defect-improvement/.venv/lib/python3.12/site-packages/statsmodels/discrete/discrete_model.py:3709: RuntimeWarning: divide by zero encountered in log
  llf = coeff + size * np.log(prob) + endog * np.log(1 - prob)
/home/smorgan/repos/design-detection-and-defect-improvement/.venv/lib/python3.12/site-packages/statsmodels/discrete/discrete_model.py:3709: RuntimeWarning: divide by zero encountered in log
  llf = coeff + size * np.log(prob) + endog * np.log(1 - prob)
/home/smorgan/repos/design-detection-and-defect-improvement/.venv/lib/python3.12/site-packages/statsmodels/discrete/discrete_model.py:3709: RuntimeWarning: divide by zero encountered in log
  llf = coeff + size * np.log(prob) + endog * np.log(1 - prob)
/home/smorgan/repos/design-detection-and-defect-improvement/.venv/lib/python3.12/site-packages/statsmodels/discrete/discrete_model.py:3709: RuntimeWarning: divide by zero encountered in log
  llf = coeff + size * np.log(prob) + endog * np.log(1 - prob)
/home/smorgan/repos/design-detection-and-defect-improvement/.venv/lib/python3.12/site-packages/statsmodels/discrete/discrete_model.py:3709: RuntimeWarning: divide by zero encountered in log
  llf = coeff + size * np.log(prob) + endog * np.log(1 - prob)
/home/smorgan/repos/design-detection-and-defect-improvement/.venv/lib/python3.12/site-packages/statsmodels/discrete/discrete_model.py:3709: RuntimeWarning: divide by zero encountered in log
  llf = coeff + size * np.log(prob) + endog * np.log(1 - prob)
/home/smorgan/repos/design-detection-and-defect-improvement/.venv/lib/python3.12/site-packages/statsmodels/discrete/discrete_model.py:3709: RuntimeWarning: divide by zero encountered in log
  llf = coeff + size * np.log(prob) + endog * np.log(1 - prob)
/home/smorgan/repos/design-detection-and-defect-improvement/.venv/lib/python3.12/site-packages/statsmodels/discrete/discrete_model.py:3709: RuntimeWarning: divide by zero encountered in log
  llf = coeff + size * np.log(prob) + endog * np.log(1 - prob)
/home/smorgan/repos/design-detection-and-defect-improvement/.venv/lib/python3.12/site-packages/statsmodels/discrete/discrete_model.py:3709: RuntimeWarning: divide by zero encountered in log
  llf = coeff + size * np.log(prob) + endog * np.log(1 - prob)
/home/smorgan/repos/design-detection-and-defect-improvement/.venv/lib/python3.12/site-packages/statsmodels/discrete/discrete_model.py:268: HessianInversionWarning: Inverting hessian failed, no bse or cov_params available
  mlefit = super().fit(
/home/smorgan/repos/design-detection-and-defect-improvement/.venv/lib/python3.12/site-packages/statsmodels/discrete/discrete_model.py:268: HessianInversionWarning: Inverting hessian failed, no bse or cov_params available
  mlefit = super().fit(
/home/smorgan/repos/design-detection-and-defect-improvement/.venv/lib/python3.12/site-packages/statsmodels/discrete/discrete_model.py:268: HessianInversionWarning: Inverting hessian failed, no bse or cov_params available
  mlefit = super().fit(
/home/smorgan/repos/design-detection-and-defect-improvement/.venv/lib/python3.12/site-packages/statsmodels/discrete/discrete_model.py:268: HessianInversionWarning: Inverting hessian failed, no bse or cov_params available
  mlefit = super().fit(
/home/smorgan/repos/design-detection-and-defect-improvement/.venv/lib/python3.12/site-packages/statsmodels/discrete/discrete_model.py:268: HessianInversionWarning: Inverting hessian failed, no bse or cov_params available
  mlefit = super().fit(
/home/smorgan/repos/design-detection-and-defect-improvement/.venv/lib/python3.12/site-packages/statsmodels/discrete/discrete_model.py:3709: RuntimeWarning: divide by zero encountered in log
  llf = coeff + size * np.log(prob) + endog * np.log(1 - prob)
/home/smorgan/repos/design-detection-and-defect-improvement/.venv/lib/python3.12/site-packages/statsmodels/discrete/discrete_model.py:268: HessianInversionWarning: Inverting hessian failed, no bse or cov_params available
  mlefit = super().fit(
/home/smorgan/repos/design-detection-and-defect-improvement/.venv/lib/python3.12/site-packages/statsmodels/discrete/discrete_model.py:268: HessianInversionWarning: Inverting hessian failed, no bse or cov_params available
  mlefit = super().fit(
/home/smorgan/repos/design-detection-and-defect-improvement/.venv/lib/python3.12/site-packages/statsmodels/discrete/discrete_model.py:3709: RuntimeWarning: divide by zero encountered in log
  llf = coeff + size * np.log(prob) + endog * np.log(1 - prob)
/home/smorgan/repos/design-detection-and-defect-improvement/.venv/lib/python3.12/site-packages/statsmodels/discrete/discrete_model.py:3709: RuntimeWarning: divide by zero encountered in log
  llf = coeff + size * np.log(prob) + endog * np.log(1 - prob)
/home/smorgan/repos/design-detection-and-defect-improvement/.venv/lib/python3.12/site-packages/statsmodels/genmod/generalized_linear_model.py:1488: SpecificationWarning: cov_type not fully supported with var_weights
  glm_results = GLMResults(

H1 (M0 vs M1) LR stat=13.897, df=4, p=0.0076
H2 (M1 vs M2) LR stat=1.952, df=2, p=0.3768

M1 design_ratio_lag coefficients:
design_ratio_lag1   -0.232215
design_ratio_lag2   -0.162167
design_ratio_lag3    0.019363
design_ratio_lag4    0.132574
dtype: float64
M0 alpha=0.6417  M1 alpha=0.6395  M2 alpha=0.6388
H1 permutation null (200 reps): observed LR stat=13.897, permutation p=0.0950
M0: MAE=nan  folds_used=0  folds_dropped_nonconverged=17  folds_skipped_thin_training=11
M1: MAE=nan  folds_used=0  folds_dropped_nonconverged=17  folds_skipped_thin_training=11
M2: MAE=nan  folds_used=0  folds_dropped_nonconverged=17  folds_skipped_thin_training=11

=== H3 (reverse: bug_count -> design_ratio), project_component FE ===
                 Generalized Linear Model Regression Results                  
==============================================================================
Dep. Variable:       design_ratio_raw   No. Observations:                10922
Model:                            GLM   Df Residuals:                    10469
Model Family:                Binomial   Df Model:                          452
Link Function:                  Logit   Scale:                          1.0000
Method:                          IRLS   Log-Likelihood:                -40720.
Date:                Mon, 28 Sep 2026   Deviance:                       17677.
Time:                        08:12:10   Pearson chi2:                 1.66e+04
No. Iterations:                    25   Pseudo R-squ. (CS):             0.6729
Covariance Type:              cluster                                         
========================================================================================================================================================================
                                                                                                           coef    std err          z      P>|z|      [0.025      0.975]
------------------------------------------------------------------------------------------------------------------------------------------------------------------------
Intercept                                                                                               -2.7248      0.066    -41.186      0.000      -2.854      -2.595
C(project_component)[T.CONFSERVER::Apps - Team Calendar]                                                 0.8861      0.019     45.558      0.000       0.848       0.924
C(project_component)[T.CONFSERVER::Content - Attachments]                                                0.2906      0.080      3.626      0.000       0.134       0.448
C(project_component)[T.CONFSERVER::Content - Blogs]                                                    -23.9590      1.089    -22.008      0.000     -26.093     -21.825
C(project_component)[T.CONFSERVER::Content - Blueprints / Templates]                                     1.0551      0.084     12.566      0.000       0.890       1.220
C(project_component)[T.CONFSERVER::Content - Edit Files / Companion]                                     0.9426      0.095      9.897      0.000       0.756       1.129
C(project_component)[T.CONFSERVER::Content - File Previews]                                            -23.9716      1.092    -21.959      0.000     -26.111     -21.832
C(project_component)[T.CONFSERVER::Content - History]                                                    0.9874      0.079     12.478      0.000       0.832       1.142
C(project_component)[T.CONFSERVER::Content - Inline Comments]                                            0.3774      0.035     10.684      0.000       0.308       0.447
C(project_component)[T.CONFSERVER::Content - Labels]                                                     0.8795      0.068     12.983      0.000       0.747       1.012
C(project_component)[T.CONFSERVER::Content - Linking]                                                    0.9242      0.074     12.413      0.000       0.778       1.070
C(project_component)[T.CONFSERVER::Content - Page]                                                      -0.1127      0.053     -2.129      0.033      -0.216      -0.009
C(project_component)[T.CONFSERVER::Content - Restrictions]                                               0.8269      0.068     12.172      0.000       0.694       0.960
C(project_component)[T.CONFSERVER::Content - Sharing]                                                    0.4091      0.027     15.004      0.000       0.356       0.463
C(project_component)[T.CONFSERVER::Core - Content REST APIs]                                             1.9880      0.035     56.278      0.000       1.919       2.057
C(project_component)[T.CONFSERVER::Core - Email]                                                         0.7139      0.059     12.081      0.000       0.598       0.830
C(project_component)[T.CONFSERVER::Core - Macros Platform]                                               0.9277      0.029     31.654      0.000       0.870       0.985
C(project_component)[T.CONFSERVER::Core - OSGi Plugins Platform]                                         1.4907      0.029     51.502      0.000       1.434       1.547
C(project_component)[T.CONFSERVER::Core - Workbox]                                                       0.9174      0.036     25.645      0.000       0.847       0.988
C(project_component)[T.CONFSERVER::Data Center - Core]                                                   0.3726      0.039      9.491      0.000       0.296       0.450
C(project_component)[T.CONFSERVER::Data Center - Deployments]                                            1.4995      0.036     41.285      0.000       1.428       1.571
C(project_component)[T.CONFSERVER::Documentation - All]                                                  0.8886      0.040     22.112      0.000       0.810       0.967
C(project_component)[T.CONFSERVER::Editor - Attachment]                                                  0.4230      0.075      5.636      0.000       0.276       0.570
C(project_component)[T.CONFSERVER::Editor - Collaborative editing]                                       0.5290      0.040     13.389      0.000       0.452       0.606
C(project_component)[T.CONFSERVER::Editor - Core]                                                       -0.1264      0.049     -2.599      0.009      -0.222      -0.031
C(project_component)[T.CONFSERVER::Editor - Drafts]                                                    -24.0672      1.084    -22.193      0.000     -26.193     -21.942
C(project_component)[T.CONFSERVER::Editor - Front end - Page / Comment]                                -24.0519      1.085    -22.175      0.000     -26.178     -21.926
C(project_component)[T.CONFSERVER::Editor - Page / Comment Editor]                                      -0.0557      0.087     -0.643      0.520      -0.226       0.114
C(project_component)[T.CONFSERVER::Editor - Synchrony]                                                   0.7888      0.044     17.776      0.000       0.702       0.876
C(project_component)[T.CONFSERVER::Integrations - JIRA]                                                  0.4177      0.056      7.399      0.000       0.307       0.528
C(project_component)[T.CONFSERVER::Integrations - Office Connector]                                      1.3064      0.040     33.066      0.000       1.229       1.384
C(project_component)[T.CONFSERVER::Macros - Attachments]                                                -0.2764      0.027    -10.328      0.000      -0.329      -0.224
C(project_component)[T.CONFSERVER::Macros - Gadgets]                                                     0.5568      0.025     22.410      0.000       0.508       0.605
C(project_component)[T.CONFSERVER::Macros - JIRA Macros]                                                -1.1361      0.024    -47.414      0.000      -1.183      -1.089
C(project_component)[T.CONFSERVER::Macros - Multimedia]                                                -24.0119      1.085    -22.131      0.000     -26.139     -21.885
C(project_component)[T.CONFSERVER::Macros - Other Macros]                                                0.0691      0.035      1.995      0.046       0.001       0.137
C(project_component)[T.CONFSERVER::Macros - Page Properties]                                            -0.9545      0.028    -33.990      0.000      -1.010      -0.899
C(project_component)[T.CONFSERVER::Macros - Search]                                                      0.9984      0.029     34.552      0.000       0.942       1.055
C(project_component)[T.CONFSERVER::Macros - Table of Contents]                                         -23.9935      1.085    -22.112      0.000     -26.120     -21.867
C(project_component)[T.CONFSERVER::Mobile]                                                               1.2081      0.029     41.403      0.000       1.151       1.265
C(project_component)[T.CONFSERVER::Navigation - Dashboard]                                               0.2158      0.052      4.134      0.000       0.113       0.318
C(project_component)[T.CONFSERVER::Navigation - Sidebar]                                               -24.0778      1.085    -22.191      0.000     -26.204     -21.951
C(project_component)[T.CONFSERVER::Page - Export / Import]                                               0.0989      0.039      2.524      0.012       0.022       0.176
C(project_component)[T.CONFSERVER::Platform - Application Links]                                         0.6139      0.027     23.157      0.000       0.562       0.666
C(project_component)[T.CONFSERVER::Search - Core]                                                        0.4464      0.040     11.193      0.000       0.368       0.525
C(project_component)[T.CONFSERVER::Search - Indexing]                                                   -0.4789      0.026    -18.483      0.000      -0.530      -0.428
C(project_component)[T.CONFSERVER::Server - Administration]                                              0.7232      0.056     12.836      0.000       0.613       0.834
C(project_component)[T.CONFSERVER::Server - Authentication]                                              0.6124      0.031     19.877      0.000       0.552       0.673
C(project_component)[T.CONFSERVER::Server - EAP]                                                         0.0952      0.045      2.130      0.033       0.008       0.183
C(project_component)[T.CONFSERVER::Server - Installer / Setup]                                           0.4460      0.051      8.794      0.000       0.347       0.545
C(project_component)[T.CONFSERVER::Server - Mail Archiving]                                              1.5807      0.027     58.432      0.000       1.528       1.634
C(project_component)[T.CONFSERVER::Server - Performance]                                               -24.1834      1.086    -22.270      0.000     -26.312     -22.055
C(project_component)[T.CONFSERVER::Server - Platform]                                                    0.9273      0.081     11.482      0.000       0.769       1.086
C(project_component)[T.CONFSERVER::Server - Plugin  Development]                                         0.8611      0.030     29.025      0.000       0.803       0.919
C(project_component)[T.CONFSERVER::Server - Source Distribution]                                         0.3010      0.029     10.519      0.000       0.245       0.357
C(project_component)[T.CONFSERVER::Server - Upgrade Manager]                                             0.5620      0.038     14.851      0.000       0.488       0.636
C(project_component)[T.CONFSERVER::Site - Backup / Import]                                              -0.1890      0.056     -3.403      0.001      -0.298      -0.080
C(project_component)[T.CONFSERVER::Space - Export / Import]                                              0.0353      0.063      0.560      0.576      -0.088       0.159
C(project_component)[T.CONFSERVER::Space - Personal Space]                                               0.0594      0.050      1.195      0.232      -0.038       0.157
C(project_component)[T.CONFSERVER::System Administration - Troubleshooting and Support Tools (ATST)]     1.0844      0.043     24.936      0.000       0.999       1.170
C(project_component)[T.CONFSERVER::Themes / Theming]                                                    -0.4675      0.031    -14.868      0.000      -0.529      -0.406
C(project_component)[T.CONFSERVER::Translations]                                                        -0.3868      0.029    -13.232      0.000      -0.444      -0.330
C(project_component)[T.CONFSERVER::Universal Plugin Manager / Manage apps]                               0.4172      0.026     16.250      0.000       0.367       0.468
C(project_component)[T.CONFSERVER::User - Global / Space Permissions]                                    1.3040      0.061     21.257      0.000       1.184       1.424
C(project_component)[T.CONFSERVER::User - Management]                                                    0.6881      0.080      8.556      0.000       0.531       0.846
C(project_component)[T.CONFSERVER::User - Mentions]                                                     -0.5338      0.058     -9.173      0.000      -0.648      -0.420
C(project_component)[T.CONFSERVER::User - Profile]                                                       0.3622      0.033     10.867      0.000       0.297       0.427
C(project_component)[T.CONFSERVER::Web Interface - AUI]                                                  0.0334      0.047      0.712      0.477      -0.058       0.125
C(project_component)[T.CONFSERVER::Web Interface - Keyboard Navigation]                                 -0.7939      0.029    -27.015      0.000      -0.852      -0.736
C(project_component)[T.DM::Continuous Integration]                                                       1.3999      0.030     45.912      0.000       1.340       1.460
C(project_component)[T.DM::Developer Infrastructure]                                                     2.3184      0.033     70.638      0.000       2.254       2.383
C(project_component)[T.DM::Firefly]                                                                      1.8033      0.035     50.959      0.000       1.734       1.873
C(project_component)[T.DM::IRSA]                                                                         3.7392      0.039     94.827      0.000       3.662       3.817
C(project_component)[T.DM::Qserv]                                                                        2.5437      0.031     82.763      0.000       2.483       2.604
C(project_component)[T.DM::SUIT]                                                                         2.4593      0.039     62.594      0.000       2.382       2.536
C(project_component)[T.DM::Stack Documentation and UX]                                                   2.8643      0.033     85.974      0.000       2.799       2.930
C(project_component)[T.DM::afw]                                                                          1.8591      0.032     59.002      0.000       1.797       1.921
C(project_component)[T.DM::ap_verify]                                                                    2.2072      0.045     48.825      0.000       2.119       2.296
C(project_component)[T.DM::astshim]                                                                      1.5932      0.051     30.966      0.000       1.492       1.694
C(project_component)[T.DM::ctrl_iip]                                                                     1.6756      0.052     32.536      0.000       1.575       1.777
C(project_component)[T.DM::daf_butler]                                                                   3.0407      0.026    118.607      0.000       2.990       3.091
C(project_component)[T.DM::daf_persistence]                                                              1.8035      0.033     53.845      0.000       1.738       1.869
C(project_component)[T.DM::ip_diffim]                                                                    1.9707      0.033     59.451      0.000       1.906       2.036
C(project_component)[T.DM::ip_isr]                                                                       1.1987      0.030     40.327      0.000       1.140       1.257
C(project_component)[T.DM::jointcal]                                                                     1.8138      0.041     44.099      0.000       1.733       1.894
C(project_component)[T.DM::lsstsw]                                                                       1.2065      0.040     30.437      0.000       1.129       1.284
C(project_component)[T.DM::meas_algorithms]                                                              1.5281      0.034     45.514      0.000       1.462       1.594
C(project_component)[T.DM::meas_astrom]                                                                  1.5924      0.039     40.514      0.000       1.515       1.669
C(project_component)[T.DM::meas_base]                                                                    2.0735      0.040     52.439      0.000       1.996       2.151
C(project_component)[T.DM::obs_base]                                                                     2.0901      0.029     71.001      0.000       2.032       2.148
C(project_component)[T.DM::obs_decam]                                                                    1.7201      0.034     50.432      0.000       1.653       1.787
C(project_component)[T.DM::obs_lsst]                                                                     1.3461      0.048     27.798      0.000       1.251       1.441
C(project_component)[T.DM::obs_subaru]                                                                   1.4422      0.034     42.703      0.000       1.376       1.508
C(project_component)[T.DM::pex_config]                                                                   1.4313      0.034     42.670      0.000       1.366       1.497
C(project_component)[T.DM::pipe_base]                                                                    2.0939      0.032     64.846      0.000       2.031       2.157
C(project_component)[T.DM::pipe_drivers]                                                                 0.7950      0.044     18.016      0.000       0.709       0.882
C(project_component)[T.DM::pipe_tasks]                                                                   1.5921      0.033     48.812      0.000       1.528       1.656
C(project_component)[T.DM::sconsUtils]                                                                   1.5917      0.039     41.008      0.000       1.516       1.668
C(project_component)[T.DM::stack release]                                                                0.8303      0.041     20.385      0.000       0.750       0.910
C(project_component)[T.DM::ts_auxiliary_telescope]                                                       2.3654      0.049     47.858      0.000       2.269       2.462
C(project_component)[T.DM::ts_main_telescope]                                                            2.2188      0.048     46.253      0.000       2.125       2.313
C(project_component)[T.DM::ts_middleware]                                                                2.0822      0.028     73.486      0.000       2.027       2.138
C(project_component)[T.DM::validate_drp]                                                                 0.6965      0.044     15.681      0.000       0.609       0.784
C(project_component)[T.DNN::Admin - Event Viewer]                                                        0.3719      0.038      9.827      0.000       0.298       0.446
C(project_component)[T.DNN::Admin - Extensions]                                                         -0.0474      0.036     -1.322      0.186      -0.118       0.023
C(project_component)[T.DNN::Admin - File Manager]                                                       -0.1272      0.036     -3.524      0.000      -0.198      -0.056
C(project_component)[T.DNN::Admin - Languages]                                                          -1.0427      0.034    -30.861      0.000      -1.109      -0.976
C(project_component)[T.DNN::Admin - Newsletters]                                                        -0.4326      0.040    -10.722      0.000      -0.512      -0.354
C(project_component)[T.DNN::Admin - Pages]                                                              -0.6459      0.029    -22.127      0.000      -0.703      -0.589
C(project_component)[T.DNN::Admin - Recycle Bin]                                                        -0.8333      0.034    -24.253      0.000      -0.901      -0.766
C(project_component)[T.DNN::Admin - Search Engine SiteMap]                                               0.1971      0.036      5.468      0.000       0.126       0.268
C(project_component)[T.DNN::Admin - Security Roles]                                                     -0.7373      0.038    -19.420      0.000      -0.812      -0.663
C(project_component)[T.DNN::Admin - Site Settings]                                                      -0.8677      0.032    -27.091      0.000      -0.930      -0.805
C(project_component)[T.DNN::Admin - Skins]                                                              -0.3076      0.035     -8.710      0.000      -0.377      -0.238
C(project_component)[T.DNN::Admin - Taxonomy]                                                            0.3124      0.039      7.965      0.000       0.235       0.389
C(project_component)[T.DNN::Admin - User Accounts]                                                      -0.6783      0.032    -21.512      0.000      -0.740      -0.616
C(project_component)[T.DNN::Admin / Host Functions]                                                     -0.3425      0.041     -8.325      0.000      -0.423      -0.262
C(project_component)[T.DNN::CKEditor]                                                                  -23.8758      1.080    -22.117      0.000     -25.992     -21.760
C(project_component)[T.DNN::Client Resources]                                                            0.9439      0.038     24.571      0.000       0.869       1.019
C(project_component)[T.DNN::Control Panel]                                                              -0.0769      0.044     -1.758      0.079      -0.163       0.009
C(project_component)[T.DNN::Control Panel - Ribbon Bar]                                                 -0.8668      0.044    -19.715      0.000      -0.953      -0.781
C(project_component)[T.DNN::Core API]                                                                    1.5207      0.037     41.457      0.000       1.449       1.593
C(project_component)[T.DNN::Core Modules]                                                                0.0409      0.040      1.027      0.304      -0.037       0.119
C(project_component)[T.DNN::DDR Menu]                                                                    0.2007      0.038      5.315      0.000       0.127       0.275
C(project_component)[T.DNN::Data Access (DAL)]                                                           0.2052      0.034      5.997      0.000       0.138       0.272
C(project_component)[T.DNN::Dynamic Content Creator]                                                     2.7237      0.049     55.890      0.000       2.628       2.819
C(project_component)[T.DNN::End User Functions]                                                          0.4328      0.041     10.581      0.000       0.353       0.513
C(project_component)[T.DNN::File Manager]                                                               -0.3882      0.042     -9.355      0.000      -0.470      -0.307
C(project_component)[T.DNN::Friendly / Standard URLs]                                                   -0.7849      0.037    -21.498      0.000      -0.857      -0.713
C(project_component)[T.DNN::General]                                                                    -1.3287      0.034    -39.151      0.000      -1.395      -1.262
C(project_component)[T.DNN::HTML Editor]                                                                -0.8439      0.035    -24.276      0.000      -0.912      -0.776
C(project_component)[T.DNN::HTML Module - Core]                                                          0.2856      0.037      7.649      0.000       0.212       0.359
C(project_component)[T.DNN::Host - Extensions]                                                          -0.3402      0.037     -9.313      0.000      -0.412      -0.269
C(project_component)[T.DNN::Host - File Manager]                                                        -0.6382      0.041    -15.726      0.000      -0.718      -0.559
C(project_component)[T.DNN::Host - Host Settings]                                                      -23.9114      1.079    -22.158      0.000     -26.027     -21.796
C(project_component)[T.DNN::Host - Lists]                                                                0.1500      0.036      4.143      0.000       0.079       0.221
C(project_component)[T.DNN::Host - SQL]                                                                 -0.4251      0.040    -10.641      0.000      -0.503      -0.347
C(project_component)[T.DNN::Host - Schedule]                                                            -0.2990      0.036     -8.347      0.000      -0.369      -0.229
C(project_component)[T.DNN::Host - Site Management]                                                     -1.7993      0.035    -51.420      0.000      -1.868      -1.731
C(project_component)[T.DNN::Host - SuperUser Accounts]                                                 -23.9050      1.079    -22.145      0.000     -26.021     -21.789
C(project_component)[T.DNN::ImageHandler]                                                                0.3051      0.043      7.165      0.000       0.222       0.389
C(project_component)[T.DNN::Import / Export]                                                             0.3198      0.050      6.368      0.000       0.221       0.418
C(project_component)[T.DNN::Installation]                                                               -2.5271      0.036    -70.008      0.000      -2.598      -2.456
C(project_component)[T.DNN::Installation / Upgrade]                                                     -0.6835      0.037    -18.408      0.000      -0.756      -0.611
C(project_component)[T.DNN::Journal]                                                                    -0.3750      0.037    -10.029      0.000      -0.448      -0.302
C(project_component)[T.DNN::Localization - Content]                                                     -1.1604      0.032    -35.709      0.000      -1.224      -1.097
C(project_component)[T.DNN::Localization - Language Packs]                                              -0.6802      0.033    -20.349      0.000      -0.746      -0.615
C(project_component)[T.DNN::Localization - Static]                                                      -0.7604      0.040    -19.243      0.000      -0.838      -0.683
C(project_component)[T.DNN::Localization / ML]                                                           0.0666      0.040      1.680      0.093      -0.011       0.144
C(project_component)[T.DNN::Login/Registration]                                                         -0.4997      0.033    -15.162      0.000      -0.564      -0.435
C(project_component)[T.DNN::Login/Registration - Password Reset]                                       -23.9002      1.079    -22.148      0.000     -26.015     -21.785
C(project_component)[T.DNN::MVC]                                                                         0.7884      0.050     15.800      0.000       0.691       0.886
C(project_component)[T.DNN::Member Directory]                                                          -23.9147      1.079    -22.158      0.000     -26.030     -21.799
C(project_component)[T.DNN::Messaging]                                                                   0.0205      0.036      0.569      0.569      -0.050       0.091
C(project_component)[T.DNN::Mobile]                                                                     -0.2272      0.044     -5.205      0.000      -0.313      -0.142
C(project_component)[T.DNN::Modules - Core]                                                              0.4032      0.038     10.698      0.000       0.329       0.477
C(project_component)[T.DNN::Modules - Third party]                                                       0.4608      0.035     13.219      0.000       0.392       0.529
C(project_component)[T.DNN::Notifications]                                                               0.7626      0.039     19.344      0.000       0.685       0.840
C(project_component)[T.DNN::Pages]                                                                      -1.0044      0.046    -21.670      0.000      -1.095      -0.914
C(project_component)[T.DNN::Performance]                                                                 0.3744      0.038      9.975      0.000       0.301       0.448
C(project_component)[T.DNN::PersonaBar]                                                                 -0.2804      0.046     -6.118      0.000      -0.370      -0.191
C(project_component)[T.DNN::Providers]                                                                   1.0663      0.039     27.364      0.000       0.990       1.143
C(project_component)[T.DNN::Release Packaging]                                                         -23.9015      1.079    -22.146      0.000     -26.017     -21.786
C(project_component)[T.DNN::SSL]                                                                       -23.9144      1.079    -22.157      0.000     -26.030     -21.799
C(project_component)[T.DNN::Search]                                                                      0.3370      0.034      9.803      0.000       0.270       0.404
C(project_component)[T.DNN::Security & Permissions]                                                      0.5231      0.037     14.287      0.000       0.451       0.595
C(project_component)[T.DNN::Services Framework]                                                          1.3644      0.039     35.275      0.000       1.289       1.440
C(project_component)[T.DNN::Skinning]                                                                    0.1944      0.040      4.806      0.000       0.115       0.274
C(project_component)[T.DNN::Skins - DotNetNuke]                                                          0.1646      0.039      4.266      0.000       0.089       0.240
C(project_component)[T.DNN::Skins - Third party]                                                       -23.9160      1.080    -22.152      0.000     -26.032     -21.800
C(project_component)[T.DNN::Social Groups]                                                              -0.0007      0.038     -0.017      0.986      -0.076       0.074
C(project_component)[T.DNN::Telerik]                                                                     0.6636      0.042     15.863      0.000       0.582       0.746
C(project_component)[T.DNN::Templates]                                                                   0.6023      0.038     15.924      0.000       0.528       0.676
C(project_component)[T.DNN::UI / Usability]                                                             -0.5253      0.038    -13.848      0.000      -0.600      -0.451
C(project_component)[T.DNN::URL ReWriter]                                                               -0.2540      0.038     -6.719      0.000      -0.328      -0.180
C(project_component)[T.DNN::Upgrade]                                                                   -23.8983      1.079    -22.145      0.000     -26.014     -21.783
C(project_component)[T.DNN::User Profile]                                                               -0.4381      0.036    -12.066      0.000      -0.509      -0.367
C(project_component)[T.DNN::dam]                                                                         0.4993      0.052      9.602      0.000       0.397       0.601
C(project_component)[T.DNN::jQuery]                                                                      0.8928      0.039     22.833      0.000       0.816       0.969
C(project_component)[T.FAB::fabric-build]                                                                0.6693      0.037     17.893      0.000       0.596       0.743
C(project_component)[T.FAB::fabric-ci]                                                                   1.0156      0.045     22.570      0.000       0.927       1.104
C(project_component)[T.FAB::fabric-common]                                                               2.2339      0.046     48.345      0.000       2.143       2.325
C(project_component)[T.FAB::fabric-crypto]                                                               3.2256      0.041     78.835      0.000       3.145       3.306
C(project_component)[T.FAB::fabric-docs]                                                                 1.6809      0.034     50.141      0.000       1.615       1.747
C(project_component)[T.FAB::fabric-gossip]                                                               1.6467      0.034     48.512      0.000       1.580       1.713
C(project_component)[T.FAB::fabric-ledger]                                                               2.0975      0.032     64.799      0.000       2.034       2.161
C(project_component)[T.FAB::fabric-orderer]                                                              1.5754      0.028     56.583      0.000       1.521       1.630
C(project_component)[T.FAB::fabric-peer]                                                                 2.3212      0.023     99.305      0.000       2.275       2.367
C(project_component)[T.FAB::fabric-quality]                                                              1.0921      0.028     38.611      0.000       1.037       1.148
C(project_component)[T.FAB::fabric-samples]                                                              0.6710      0.035     19.330      0.000       0.603       0.739
C(project_component)[T.FAB::fabric-tools]                                                                1.5625      0.047     33.262      0.000       1.470       1.655
C(project_component)[T.JRASERVER::Administration - Fields]                                               1.5514      0.047     33.092      0.000       1.459       1.643
C(project_component)[T.JRASERVER::Administration - Issue Types]                                          0.8590      0.066     12.968      0.000       0.729       0.989
C(project_component)[T.JRASERVER::Administration - Others]                                               1.9921      0.034     58.624      0.000       1.925       2.059
C(project_component)[T.JRASERVER::Administration - Permission Helper]                                    1.1182      0.029     38.837      0.000       1.062       1.175
C(project_component)[T.JRASERVER::Administration - Screens]                                              1.5684      0.049     31.925      0.000       1.472       1.665
C(project_component)[T.JRASERVER::Administration - Workflows]                                            1.7521      0.049     36.044      0.000       1.657       1.847
C(project_component)[T.JRASERVER::Application Links]                                                     1.4187      0.036     38.893      0.000       1.347       1.490
C(project_component)[T.JRASERVER::Backup & Restore (non-migration)]                                      1.0595      0.084     12.594      0.000       0.895       1.224
C(project_component)[T.JRASERVER::Bulk Operations]                                                       1.3420      0.039     34.599      0.000       1.266       1.418
C(project_component)[T.JRASERVER::Custom fields]                                                         1.4194      0.048     29.488      0.000       1.325       1.514
C(project_component)[T.JRASERVER::Dashboard & Gadgets]                                                   1.2311      0.055     22.375      0.000       1.123       1.339
C(project_component)[T.JRASERVER::Dashboards & Reports - Reports]                                        1.4888      0.046     32.322      0.000       1.398       1.579
C(project_component)[T.JRASERVER::Data Center - Other]                                                   1.4286      0.040     35.520      0.000       1.350       1.507
C(project_component)[T.JRASERVER::Documentation - All]                                                   1.4549      0.057     25.577      0.000       1.343       1.566
C(project_component)[T.JRASERVER::Email notifications]                                                   1.7413      0.053     32.847      0.000       1.637       1.845
C(project_component)[T.JRASERVER::Import / Export [Deprecated]]                                          1.1541      0.031     36.820      0.000       1.093       1.216
C(project_component)[T.JRASERVER::Indexing]                                                              1.2098      0.048     25.083      0.000       1.115       1.304
C(project_component)[T.JRASERVER::Infrastructure & Services - Application Lifecycle]                     1.2047      0.057     21.202      0.000       1.093       1.316
C(project_component)[T.JRASERVER::Installation]                                                          1.1560      0.056     20.604      0.000       1.046       1.266
C(project_component)[T.JRASERVER::Issue - Actions]                                                       0.7574      0.073     10.391      0.000       0.615       0.900
C(project_component)[T.JRASERVER::Issue - Attachments]                                                   0.7335      0.063     11.678      0.000       0.610       0.857
C(project_component)[T.JRASERVER::Issue - Comments]                                                      1.0068      0.070     14.471      0.000       0.870       1.143
C(project_component)[T.JRASERVER::Issue - Create Issue]                                                  0.2266      0.088      2.569      0.010       0.054       0.400
C(project_component)[T.JRASERVER::Issue - Fields]                                                        1.1496      0.068     16.977      0.000       1.017       1.282
C(project_component)[T.JRASERVER::Issue - Others]                                                       -0.1807      0.078     -2.321      0.020      -0.333      -0.028
C(project_component)[T.JRASERVER::Issue - Sub-Tasks]                                                     1.2521      0.033     37.806      0.000       1.187       1.317
C(project_component)[T.JRASERVER::Issue - Time Tracking & Worklog]                                       1.6944      0.050     34.085      0.000       1.597       1.792
C(project_component)[T.JRASERVER::Issue - View Issue]                                                    1.1010      0.081     13.543      0.000       0.942       1.260
C(project_component)[T.JRASERVER::JQL]                                                                   0.9151      0.043     21.389      0.000       0.831       0.999
C(project_component)[T.JRASERVER::Java API]                                                              1.2492      0.055     22.632      0.000       1.141       1.357
C(project_component)[T.JRASERVER::Jira Importers Plugin]                                                 1.9221      0.034     56.549      0.000       1.855       1.989
C(project_component)[T.JRASERVER::Keyboard Shortcuts]                                                   -0.1857      0.059     -3.152      0.002      -0.301      -0.070
C(project_component)[T.JRASERVER::Licensing]                                                             1.2751      0.063     20.399      0.000       1.153       1.398
C(project_component)[T.JRASERVER::Login]                                                                 0.7685      0.060     12.850      0.000       0.651       0.886
C(project_component)[T.JRASERVER::Mail Server]                                                           1.7616      0.027     64.595      0.000       1.708       1.815
C(project_component)[T.JRASERVER::Migration - Cloud to Server]                                           0.0711      0.035      2.043      0.041       0.003       0.139
C(project_component)[T.JRASERVER::Migration - Server to Cloud]                                           1.0985      0.078     14.150      0.000       0.946       1.251
C(project_component)[T.JRASERVER::Migration - Server to Server]                                          1.3624      0.070     19.433      0.000       1.225       1.500
C(project_component)[T.JRASERVER::Mobile]                                                                1.5259      0.027     56.088      0.000       1.473       1.579
C(project_component)[T.JRASERVER::Navigation - Export]                                                   0.9617      0.055     17.386      0.000       0.853       1.070
C(project_component)[T.JRASERVER::Navigation - Filters]                                                  1.2202      0.050     24.632      0.000       1.123       1.317
C(project_component)[T.JRASERVER::Navigation - Search]                                                   0.7230      0.062     11.654      0.000       0.601       0.845
C(project_component)[T.JRASERVER::Navigation - View results]                                             0.6723      0.063     10.688      0.000       0.549       0.796
C(project_component)[T.JRASERVER::Navigation Panel]                                                      0.6285      0.088      7.144      0.000       0.456       0.801
C(project_component)[T.JRASERVER::Project - Actions]                                                     0.7384      0.080      9.226      0.000       0.582       0.895
C(project_component)[T.JRASERVER::Project - Agile Boards]                                                1.0507      0.037     28.059      0.000       0.977       1.124
C(project_component)[T.JRASERVER::Project - Issues]                                                    -23.9458      1.080    -22.181      0.000     -26.062     -21.830
C(project_component)[T.JRASERVER::Project - Releases]                                                    1.8042      0.057     31.579      0.000       1.692       1.916
C(project_component)[T.JRASERVER::Project Administration - Components]                                   1.8697      0.056     33.407      0.000       1.760       1.979
C(project_component)[T.JRASERVER::Project Administration - Others]                                       1.8925      0.070     27.226      0.000       1.756       2.029
C(project_component)[T.JRASERVER::Project Administration - Permissions]                                  1.7881      0.046     38.911      0.000       1.698       1.878
C(project_component)[T.JRASERVER::Project Administration - Project Summary]                              0.7484      0.074     10.081      0.000       0.603       0.894
C(project_component)[T.JRASERVER::Project Administration - Users and Roles]                              1.3260      0.037     35.582      0.000       1.253       1.399
C(project_component)[T.JRASERVER::Project Administration - Versions]                                     1.4624      0.052     28.175      0.000       1.361       1.564
C(project_component)[T.JRASERVER::Projects - Sidebar]                                                   -0.2908      0.038     -7.602      0.000      -0.366      -0.216
C(project_component)[T.JRASERVER::REST API]                                                              1.8594      0.078     23.918      0.000       1.707       2.012
C(project_component)[T.JRASERVER::Rich Text Editor]                                                     -0.4869      0.039    -12.405      0.000      -0.564      -0.410
C(project_component)[T.JRASERVER::Scheduled Tasks]                                                       1.7907      0.030     58.881      0.000       1.731       1.850
C(project_component)[T.JRASERVER::System Administration  - Global Permissions]                           1.9616      0.045     44.029      0.000       1.874       2.049
C(project_component)[T.JRASERVER::System Administration - Audit Logs]                                    2.3964      0.096     24.844      0.000       2.207       2.585
C(project_component)[T.JRASERVER::System Administration - Configuration Tool]                            1.5736      0.026     59.616      0.000       1.522       1.625
C(project_component)[T.JRASERVER::System Administration - General Configuration]                         0.8702      0.107      8.100      0.000       0.660       1.081
C(project_component)[T.JRASERVER::System Administration - Integrity Checker]                             1.9770      0.028     70.842      0.000       1.922       2.032
C(project_component)[T.JRASERVER::System Administration - Look and Feel]                                 0.9380      0.040     23.745      0.000       0.861       1.015
C(project_component)[T.JRASERVER::System Administration - Others]                                        1.2105      0.092     13.218      0.000       1.031       1.390
C(project_component)[T.JRASERVER::System Administration - Priorities]                                    0.9484      0.077     12.392      0.000       0.798       1.098
C(project_component)[T.JRASERVER::System Administration - Secure Administrator Sessions]                -0.2478      0.031     -7.977      0.000      -0.309      -0.187
C(project_component)[T.JRASERVER::Translations]                                                        -23.8715      1.092    -21.857      0.000     -26.012     -21.731
C(project_component)[T.JRASERVER::Troubleshooting and Support Tools (ATST)]                              1.1493      0.075     15.343      0.000       1.002       1.296
C(project_component)[T.JRASERVER::UPM (Universal Plugin Manager)]                                        1.6177      0.031     51.819      0.000       1.556       1.679
C(project_component)[T.JRASERVER::Upgrade]                                                               0.1845      0.109      1.688      0.091      -0.030       0.399
C(project_component)[T.JRASERVER::User Management - LDAP Integration]                                    1.3145      0.071     18.511      0.000       1.175       1.454
C(project_component)[T.JRASERVER::User Management - Others]                                              1.7493      0.061     28.550      0.000       1.629       1.869
C(project_component)[T.JRASERVER::User Management - User Profile]                                        0.4268      0.089      4.769      0.000       0.251       0.602
C(project_component)[T.JRASERVER::Webhooks]                                                              1.2554      0.066     19.135      0.000       1.127       1.384
C(project_component)[T.MESOS::HTTP API]                                                                  2.3906      0.040     59.810      0.000       2.312       2.469
C(project_component)[T.MESOS::agent]                                                                     1.7529      0.021     84.351      0.000       1.712       1.794
C(project_component)[T.MESOS::allocation]                                                                2.0339      0.025     82.398      0.000       1.986       2.082
C(project_component)[T.MESOS::build]                                                                     0.2991      0.022     13.828      0.000       0.257       0.341
C(project_component)[T.MESOS::c++ api]                                                                   2.0276      0.032     64.270      0.000       1.966       2.089
C(project_component)[T.MESOS::cli]                                                                       2.1004      0.026     80.032      0.000       2.049       2.152
C(project_component)[T.MESOS::cmake]                                                                     1.7823      0.041     43.976      0.000       1.703       1.862
C(project_component)[T.MESOS::containerization]                                                          2.1965      0.020    108.807      0.000       2.157       2.236
C(project_component)[T.MESOS::docker]                                                                    1.4968      0.036     41.493      0.000       1.426       1.568
C(project_component)[T.MESOS::documentation]                                                             1.7579      0.026     66.569      0.000       1.706       1.810
C(project_component)[T.MESOS::executor]                                                                  1.6732      0.026     64.305      0.000       1.622       1.724
C(project_component)[T.MESOS::fetcher]                                                                   1.0723      0.034     31.501      0.000       1.006       1.139
C(project_component)[T.MESOS::framework]                                                                 2.1751      0.031     69.983      0.000       2.114       2.236
C(project_component)[T.MESOS::java api]                                                                  1.3240      0.033     40.604      0.000       1.260       1.388
C(project_component)[T.MESOS::libprocess]                                                                1.4413      0.026     55.482      0.000       1.390       1.492
C(project_component)[T.MESOS::master]                                                                    1.9363      0.025     78.200      0.000       1.888       1.985
C(project_component)[T.MESOS::modules]                                                                   3.1047      0.039     80.293      0.000       3.029       3.181
C(project_component)[T.MESOS::network]                                                                 -23.8771      1.077    -22.163      0.000     -25.989     -21.766
C(project_component)[T.MESOS::project website]                                                           0.7405      0.030     24.448      0.000       0.681       0.800
C(project_component)[T.MESOS::python api]                                                                1.8368      0.032     57.946      0.000       1.775       1.899
C(project_component)[T.MESOS::security]                                                                  2.9178      0.038     75.817      0.000       2.842       2.993
C(project_component)[T.MESOS::storage]                                                                   2.5094      0.037     67.803      0.000       2.437       2.582
C(project_component)[T.MESOS::stout]                                                                     0.8333      0.030     27.487      0.000       0.774       0.893
C(project_component)[T.MESOS::test]                                                                     -0.2928      0.019    -15.135      0.000      -0.331      -0.255
C(project_component)[T.MESOS::webui]                                                                     1.2277      0.025     48.718      0.000       1.178       1.277
C(project_component)[T.MULE::Build: (other)]                                                             1.1759      0.026     45.316      0.000       1.125       1.227
C(project_component)[T.MULE::Build: Distributions]                                                       1.5282      0.026     58.823      0.000       1.477       1.579
C(project_component)[T.MULE::Build: Integration Tests]                                                   1.8403      0.039     46.798      0.000       1.763       1.917
C(project_component)[T.MULE::Build: Libraries / Dependencies]                                            1.5756      0.027     58.641      0.000       1.523       1.628
C(project_component)[T.MULE::Build: Maven]                                                               1.2340      0.031     39.184      0.000       1.172       1.296
C(project_component)[T.MULE::Core: (other)]                                                              1.7626      0.044     39.716      0.000       1.676       1.850
C(project_component)[T.MULE::Core: API]                                                                  2.4555      0.040     62.007      0.000       2.378       2.533
C(project_component)[T.MULE::Core: Bootstrap / Standalone]                                               1.4666      0.026     56.375      0.000       1.416       1.518
C(project_component)[T.MULE::Core: Classloading]                                                         1.0668      0.049     21.753      0.000       0.971       1.163
C(project_component)[T.MULE::Core: Components]                                                           1.8206      0.032     56.994      0.000       1.758       1.883
C(project_component)[T.MULE::Core: Concurrency / Threading]                                              1.4543      0.033     44.481      0.000       1.390       1.518
C(project_component)[T.MULE::Core: Configuration]                                                        2.1292      0.019    109.857      0.000       2.091       2.167
C(project_component)[T.MULE::Core: Containers]                                                           2.3167      0.030     76.300      0.000       2.257       2.376
C(project_component)[T.MULE::Core: DSL processing]                                                       1.1994      0.049     24.683      0.000       1.104       1.295
C(project_component)[T.MULE::Core: Deployment]                                                           1.8131      0.059     30.526      0.000       1.697       1.930
C(project_component)[T.MULE::Core: Domains shared resources]                                             1.8257      0.042     43.496      0.000       1.743       1.908
C(project_component)[T.MULE::Core: Endpoints]                                                            1.0432      0.026     40.450      0.000       0.993       1.094
C(project_component)[T.MULE::Core: Event/Message]                                                        1.4455      0.026     55.719      0.000       1.395       1.496
C(project_component)[T.MULE::Core: Exception Handling]                                                   1.8229      0.039     46.176      0.000       1.746       1.900
C(project_component)[T.MULE::Core: Expressions]                                                          1.4747      0.027     54.341      0.000       1.422       1.528
C(project_component)[T.MULE::Core: Flow]                                                                 1.7348      0.029     59.199      0.000       1.677       1.792
C(project_component)[T.MULE::Core: Lifecycle]                                                            1.2131      0.026     46.722      0.000       1.162       1.264
C(project_component)[T.MULE::Core: Logging]                                                              1.5089      0.034     43.943      0.000       1.442       1.576
C(project_component)[T.MULE::Core: Non-Blocking]                                                         1.9490      0.044     44.249      0.000       1.863       2.035
C(project_component)[T.MULE::Core: Policies]                                                            -0.0499      0.051     -0.973      0.331      -0.150       0.051
C(project_component)[T.MULE::Core: Queues (SEDA) / Persistence]                                          1.6042      0.030     53.755      0.000       1.546       1.663
C(project_component)[T.MULE::Core: Registry]                                                             2.1073      0.028     75.709      0.000       2.053       2.162
C(project_component)[T.MULE::Core: Routing / Filters]                                                    1.5162      0.037     41.101      0.000       1.444       1.588
C(project_component)[T.MULE::Core: Streaming]                                                            1.6850      0.032     52.783      0.000       1.622       1.748
C(project_component)[T.MULE::Core: Transformers]                                                         1.2602      0.035     36.476      0.000       1.192       1.328
C(project_component)[T.MULE::Core: Transports]                                                           1.7346      0.040     43.800      0.000       1.657       1.812
C(project_component)[T.MULE::Documentation / Website]                                                    1.2223      0.024     50.880      0.000       1.175       1.269
C(project_component)[T.MULE::Examples / Tutorials]                                                       1.0030      0.024     41.975      0.000       0.956       1.050
C(project_component)[T.MULE::Extensions]                                                                 2.8443      0.046     62.177      0.000       2.755       2.934
C(project_component)[T.MULE::Extensions API]                                                             2.6497      0.037     71.723      0.000       2.577       2.722
C(project_component)[T.MULE::Modules: (other)]                                                           2.2684      0.028     80.485      0.000       2.213       2.324
C(project_component)[T.MULE::Modules: CXF]                                                               1.1288      0.027     42.163      0.000       1.076       1.181
C(project_component)[T.MULE::Modules: File]                                                              0.9553      0.045     21.302      0.000       0.867       1.043
C(project_component)[T.MULE::Modules: HTTP]                                                              1.6421      0.032     51.554      0.000       1.580       1.705
C(project_component)[T.MULE::Modules: JCA Resource Adapter]                                              1.6834      0.028     59.276      0.000       1.628       1.739
C(project_component)[T.MULE::Modules: Management / JMX]                                                  2.0239      0.026     78.610      0.000       1.973       2.074
C(project_component)[T.MULE::Modules: Security (Spring Security, Acegi, PGP, WS-Security)]               1.9503      0.031     62.615      0.000       1.889       2.011
C(project_component)[T.MULE::Modules: WS Consumer]                                                       2.5349      0.038     66.864      0.000       2.461       2.609
C(project_component)[T.MULE::Modules: XML, XSLT, XPath, SXC]                                             1.7979      0.027     66.482      0.000       1.745       1.851
C(project_component)[T.MULE::Schema]                                                                     0.7605      0.036     21.112      0.000       0.690       0.831
C(project_component)[T.MULE::Test: Testing Framework]                                                    2.1022      0.049     42.614      0.000       2.005       2.199
C(project_component)[T.MULE::Tooling Client]                                                             0.1908      0.051      3.734      0.000       0.091       0.291
C(project_component)[T.MULE::Tools]                                                                      2.0492      0.028     72.743      0.000       1.994       2.104
C(project_component)[T.MULE::Tools: Archetypes]                                                          1.2870      0.030     42.510      0.000       1.228       1.346
C(project_component)[T.MULE::Transport: (other)]                                                         1.5316      0.026     58.278      0.000       1.480       1.583
C(project_component)[T.MULE::Transport: Axis]                                                            0.9126      0.030     29.995      0.000       0.853       0.972
C(project_component)[T.MULE::Transport: Email]                                                           0.9100      0.026     34.554      0.000       0.858       0.962
C(project_component)[T.MULE::Transport: FTP / SFTP]                                                      1.3843      0.037     37.273      0.000       1.311       1.457
C(project_component)[T.MULE::Transport: File]                                                            1.0764      0.033     33.040      0.000       1.013       1.140
C(project_component)[T.MULE::Transport: HTTP(S) / Jetty]                                                 1.4526      0.037     39.528      0.000       1.381       1.525
C(project_component)[T.MULE::Transport: JDBC]                                                            1.5434      0.026     58.248      0.000       1.491       1.595
C(project_component)[T.MULE::Transport: JMS]                                                             1.1719      0.027     44.000      0.000       1.120       1.224
C(project_component)[T.MULE::Transport: Quartz]                                                          0.8628      0.037     23.054      0.000       0.789       0.936
C(project_component)[T.MULE::Transport: TCP / UDP / SSL / Multicast]                                     1.5449      0.026     59.883      0.000       1.494       1.595
C(project_component)[T.MULE::Transport: VM]                                                              0.8063      0.037     21.601      0.000       0.733       0.879
C(project_component)[T.MULE::sdk]                                                                        1.9192      0.036     53.843      0.000       1.849       1.989
C(project_component)[T.NEXUS::Blobstore]                                                                 1.1495      0.033     34.855      0.000       1.085       1.214
C(project_component)[T.NEXUS::Bootstrap]                                                                 0.9212      0.033     27.660      0.000       0.856       0.986
C(project_component)[T.NEXUS::Browse Remote]                                                             0.6803      0.034     20.111      0.000       0.614       0.747
C(project_component)[T.NEXUS::Browse Storage]                                                            0.4845      0.025     19.221      0.000       0.435       0.534
C(project_component)[T.NEXUS::Build]                                                                     1.4101      0.032     44.420      0.000       1.348       1.472
C(project_component)[T.NEXUS::Build Tooling]                                                             1.6614      0.045     36.983      0.000       1.573       1.749
C(project_component)[T.NEXUS::Capabilities]                                                              0.9450      0.034     27.781      0.000       0.878       1.012
C(project_component)[T.NEXUS::Cleanup]                                                                   0.5138      0.038     13.474      0.000       0.439       0.589
C(project_component)[T.NEXUS::Configuration]                                                             1.2096      0.025     47.613      0.000       1.160       1.259
C(project_component)[T.NEXUS::Content Selectors]                                                         0.8294      0.032     25.764      0.000       0.766       0.893
C(project_component)[T.NEXUS::Crowd]                                                                     0.9090      0.027     34.203      0.000       0.857       0.961
C(project_component)[T.NEXUS::Database]                                                                  0.9377      0.034     27.958      0.000       0.872       1.003
C(project_component)[T.NEXUS::Docker]                                                                    0.4949      0.027     18.659      0.000       0.443       0.547
C(project_component)[T.NEXUS::Documentation]                                                             1.2799      0.032     40.538      0.000       1.218       1.342
C(project_component)[T.NEXUS::HA]                                                                        0.0227      0.043      0.531      0.596      -0.061       0.106
C(project_component)[T.NEXUS::Installer]                                                                 0.7703      0.038     20.290      0.000       0.696       0.845
C(project_component)[T.NEXUS::LDAP]                                                                      0.5984      0.025     23.619      0.000       0.549       0.648
C(project_component)[T.NEXUS::Logging]                                                                  -0.1964      0.028     -7.056      0.000      -0.251      -0.142
C(project_component)[T.NEXUS::Maven]                                                                     0.3035      0.025     12.311      0.000       0.255       0.352
C(project_component)[T.NEXUS::Migration]                                                                 0.8102      0.043     18.722      0.000       0.725       0.895
C(project_component)[T.NEXUS::NPM]                                                                       0.7896      0.032     24.767      0.000       0.727       0.852
C(project_component)[T.NEXUS::NuGet]                                                                     0.7374      0.025     29.982      0.000       0.689       0.786
C(project_component)[T.NEXUS::Outreach]                                                                  0.6194      0.036     17.370      0.000       0.550       0.689
C(project_component)[T.NEXUS::P2]                                                                        0.3326      0.024     13.611      0.000       0.285       0.380
C(project_component)[T.NEXUS::Proxy Repository]                                                          1.6509      0.036     45.336      0.000       1.579       1.722
C(project_component)[T.NEXUS::PyPI]                                                                      0.5106      0.026     19.736      0.000       0.460       0.561
C(project_component)[T.NEXUS::REST]                                                                      2.1218      0.032     65.369      0.000       2.058       2.185
C(project_component)[T.NEXUS::Raw]                                                                       0.5871      0.029     20.479      0.000       0.531       0.643
C(project_component)[T.NEXUS::Repository]                                                                0.8018      0.021     37.987      0.000       0.760       0.843
C(project_component)[T.NEXUS::Repository Health Check]                                                   0.2308      0.033      7.056      0.000       0.167       0.295
C(project_component)[T.NEXUS::Routing]                                                                   0.2350      0.041      5.739      0.000       0.155       0.315
C(project_component)[T.NEXUS::RubyGems]                                                                  0.0286      0.042      0.672      0.501      -0.055       0.112
C(project_component)[T.NEXUS::S3]                                                                        1.9136      0.040     47.279      0.000       1.834       1.993
C(project_component)[T.NEXUS::SSL]                                                                       1.2380      0.033     37.149      0.000       1.173       1.303
C(project_component)[T.NEXUS::Scheduled Tasks]                                                           0.5658      0.027     21.325      0.000       0.514       0.618
C(project_component)[T.NEXUS::Scripting]                                                                 1.9009      0.042     44.727      0.000       1.818       1.984
C(project_component)[T.NEXUS::Search]                                                                    0.2940      0.026     11.184      0.000       0.242       0.346
C(project_component)[T.NEXUS::Security]                                                                  0.4789      0.024     20.003      0.000       0.432       0.526
C(project_component)[T.NEXUS::Staging]                                                                   1.6995      0.025     68.043      0.000       1.651       1.749
C(project_component)[T.NEXUS::Support Tools]                                                            -0.1235      0.037     -3.374      0.001      -0.195      -0.052
C(project_component)[T.NEXUS::System Feeds]                                                              0.4786      0.033     14.476      0.000       0.414       0.543
C(project_component)[T.NEXUS::Transport]                                                                 1.0517      0.028     38.152      0.000       0.998       1.106
C(project_component)[T.NEXUS::UI]                                                                        0.2560      0.019     13.532      0.000       0.219       0.293
C(project_component)[T.NEXUS::Upgrade]                                                                   0.5837      0.043     13.648      0.000       0.500       0.668
C(project_component)[T.NEXUS::Upload UI]                                                                -0.6199      0.042    -14.817      0.000      -0.702      -0.538
C(project_component)[T.NEXUS::User Token]                                                                0.8168      0.030     27.605      0.000       0.759       0.875
C(project_component)[T.NEXUS::Yum]                                                                       0.9065      0.027     33.735      0.000       0.854       0.959
C(project_component)[T.SERVER::Admin]                                                                    0.7011      0.024     29.807      0.000       0.655       0.747
C(project_component)[T.SERVER::Aggregation Framework]                                                    0.7239      0.029     24.725      0.000       0.667       0.781
C(project_component)[T.SERVER::Build]                                                                    0.9509      0.030     31.396      0.000       0.892       1.010
C(project_component)[T.SERVER::Catalog]                                                                  0.3104      0.025     12.357      0.000       0.261       0.360
C(project_component)[T.SERVER::Concurrency]                                                              0.3480      0.023     15.370      0.000       0.304       0.392
C(project_component)[T.SERVER::Diagnostics]                                                              0.3836      0.032     12.147      0.000       0.322       0.445
C(project_component)[T.SERVER::Geo]                                                                     -1.4536      0.023    -62.010      0.000      -1.500      -1.408
C(project_component)[T.SERVER::HTTP Console]                                                             0.8107      0.028     29.093      0.000       0.756       0.865
C(project_component)[T.SERVER::IDL]                                                                     -0.3699      0.046     -8.007      0.000      -0.460      -0.279
C(project_component)[T.SERVER::Indexing]                                                                -0.7694      0.025    -30.867      0.000      -0.818      -0.721
C(project_component)[T.SERVER::Internal Client]                                                          0.9736      0.025     39.212      0.000       0.925       1.022
C(project_component)[T.SERVER::Internal Code]                                                            1.0557      0.025     42.401      0.000       1.007       1.104
C(project_component)[T.SERVER::JavaScript]                                                               0.3103      0.021     14.916      0.000       0.270       0.351
C(project_component)[T.SERVER::Logging]                                                                  0.5912      0.024     24.828      0.000       0.544       0.638
C(project_component)[T.SERVER::MMAPv1]                                                                   0.1710      0.036      4.755      0.000       0.101       0.241
C(project_component)[T.SERVER::MapReduce]                                                               -0.6118      0.024    -25.943      0.000      -0.658      -0.566
C(project_component)[T.SERVER::Networking]                                                               1.1004      0.030     37.156      0.000       1.042       1.158
C(project_component)[T.SERVER::Packaging]                                                                0.1889      0.022      8.650      0.000       0.146       0.232
C(project_component)[T.SERVER::Performance]                                                              0.3936      0.027     14.431      0.000       0.340       0.447
C(project_component)[T.SERVER::Portability]                                                              0.7680      0.036     21.502      0.000       0.698       0.838
C(project_component)[T.SERVER::Querying]                                                                 0.0314      0.037      0.855      0.393      -0.041       0.103
C(project_component)[T.SERVER::Replication]                                                              0.1748      0.059      2.970      0.003       0.059       0.290
C(project_component)[T.SERVER::Security]                                                                 1.2561      0.020     61.716      0.000       1.216       1.296
C(project_component)[T.SERVER::Sharding]                                                                 0.3986      0.058      6.825      0.000       0.284       0.513
C(project_component)[T.SERVER::Shell]                                                                    0.2626      0.023     11.426      0.000       0.218       0.308
C(project_component)[T.SERVER::Stability]                                                               -1.1301      0.022    -50.637      0.000      -1.174      -1.086
C(project_component)[T.SERVER::Storage]                                                                  0.6775      0.047     14.353      0.000       0.585       0.770
C(project_component)[T.SERVER::Testing Infrastructure]                                                   0.3040      0.029     10.359      0.000       0.246       0.362
C(project_component)[T.SERVER::Text Search]                                                              0.0855      0.037      2.290      0.022       0.012       0.159
C(project_component)[T.SERVER::Tools]                                                                    0.1787      0.025      7.253      0.000       0.130       0.227
C(project_component)[T.SERVER::Upgrade/Downgrade]                                                        0.0755      0.046      1.645      0.100      -0.014       0.165
C(project_component)[T.SERVER::Usability]                                                                0.9621      0.024     39.275      0.000       0.914       1.010
C(project_component)[T.SERVER::WiredTiger]                                                              -0.2262      0.025     -8.920      0.000      -0.276      -0.177
C(project_component)[T.SERVER::Write Ops]                                                                0.4185      0.023     18.445      0.000       0.374       0.463
C(project_component)[T.TIMOB::Android]                                                                   0.9128      0.064     14.341      0.000       0.788       1.038
C(project_component)[T.TIMOB::BlackBerry]                                                                1.1442      0.030     38.469      0.000       1.086       1.203
C(project_component)[T.TIMOB::CLI]                                                                       1.0535      0.015     70.952      0.000       1.024       1.083
C(project_component)[T.TIMOB::Code Processor]                                                            1.9785      0.041     47.725      0.000       1.897       2.060
C(project_component)[T.TIMOB::Core]                                                                      1.6241      0.030     53.570      0.000       1.565       1.684
C(project_component)[T.TIMOB::Drillbit]                                                                  1.5655      0.045     35.068      0.000       1.478       1.653
C(project_component)[T.TIMOB::Hyperloop]                                                                 1.1555      0.020     56.608      0.000       1.115       1.195
C(project_component)[T.TIMOB::LiveView]                                                                  0.3845      0.030     12.790      0.000       0.326       0.443
C(project_component)[T.TIMOB::MobileWeb]                                                                 0.4394      0.012     35.850      0.000       0.415       0.463
C(project_component)[T.TIMOB::TiAPI]                                                                     2.2004      0.027     82.016      0.000       2.148       2.253
C(project_component)[T.TIMOB::Tizen]                                                                    -0.4635      0.053     -8.722      0.000      -0.568      -0.359
C(project_component)[T.TIMOB::Tooling]                                                                   1.3482      0.028     48.778      0.000       1.294       1.402
C(project_component)[T.TIMOB::Windows]                                                                   1.2180      0.008    149.006      0.000       1.202       1.234
C(project_component)[T.TIMOB::Windows Hybrid]                                                            0.4950      0.038     13.145      0.000       0.421       0.569
C(project_component)[T.TIMOB::iOS]                                                                       0.7420      0.057     12.997      0.000       0.630       0.854
bug_count_lag1                                                                                          -0.0047      0.001     -4.163      0.000      -0.007      -0.003
bug_count_lag2                                                                                           0.0003      0.001      0.293      0.769      -0.002       0.003
bug_count_lag3                                                                                           0.0002      0.000      0.538      0.591      -0.001       0.001
bug_count_lag4                                                                                           0.0002      0.000      1.530      0.126   -5.79e-05       0.000
quarter_index                                                                                            0.0067      0.003      2.634      0.008       0.002       0.012
========================================================================================================================================================================
